
R version 3.6.2 (2019-12-12) -- "Dark and Stormy Night"
Copyright (C) 2019 The R Foundation for Statistical Computing
Platform: x86_64-pc-linux-gnu (64-bit)

R es un software libre y viene sin GARANTIA ALGUNA.
Usted puede redistribuirlo bajo ciertas circunstancias.
Escriba 'license()' o 'licence()' para detalles de distribucion.

R es un proyecto colaborativo con muchos contribuyentes.
Escriba 'contributors()' para obtener más información y
'citation()' para saber cómo citar R o paquetes de R en publicaciones.

Escriba 'demo()' para demostraciones, 'help()' para el sistema on-line de ayuda,
o 'help.start()' para abrir el sistema de ayuda HTML con su navegador.
Escriba 'q()' para salir de R.

> setwd('/home/pablinha/Escritorio/repositorios/RobustFPLM/R/')
> library(devtools)
Loading required package: usethis
> document()
Updating RobustFPLM documentation
Writing NAMESPACE
Loading RobustFPLM
Loading required package: robustbase
Loading required package: fda
Loading required package: splines
Loading required package: Matrix

Attaching package: ‘fda’

The following object is masked from ‘package:graphics’:

    matplot

Writing NAMESPACE
Writing FPLMBsplines.Rd
> load_all()
Loading RobustFPLM

Attaching package: ‘testthat’

The following object is masked from ‘package:devtools’:

    test_file

> load_all()
Loading RobustFPLM
> ?minimize
> ?lmrob
> document()
Updating RobustFPLM documentation
Writing NAMESPACE
Loading RobustFPLM
Writing NAMESPACE
Writing FPLMBsplines.Rd
Writing FPLMBsplines_fit.Rd
Writing minimize.Rd
> load_all()
Loading RobustFPLM
> ?FPLMBsplines
> document()
Updating RobustFPLM documentation
Writing NAMESPACE
Loading RobustFPLM
Writing NAMESPACE
Writing FPLMBsplines.Rd
> load_all()
Loading RobustFPLM
> ?FPLMBsplines
> document()
Updating RobustFPLM documentation
Writing NAMESPACE
Loading RobustFPLM
Writing NAMESPACE
Writing FPLMBsplines.Rd
> load_all()
Loading RobustFPLM
> document()
Updating RobustFPLM documentation
Writing NAMESPACE
Loading RobustFPLM
Writing NAMESPACE
> ?FPLMBsplines
> document()
Updating RobustFPLM documentation
Writing NAMESPACE
Loading RobustFPLM
Writing NAMESPACE
Writing FPLMBsplines.Rd
> load_all()
Loading RobustFPLM
> ?FPLMBsplines
> document()
Updating RobustFPLM documentation
Writing NAMESPACE
Loading RobustFPLM
Writing NAMESPACE
Writing FPLMBsplines.Rd
> load_all()
Loading RobustFPLM
> ?FPLMBsplines
> document()
Updating RobustFPLM documentation
Writing NAMESPACE
Loading RobustFPLM
Writing NAMESPACE
Writing FPLMBsplines.Rd
> load_all()
Loading RobustFPLM
> ?FPLMBsplines
> ?FPLMBsplines
> n <- 100                            
  m <- 50                             
  u <- runif(n)                       
  t <- runif(m)                       
  b <- function(x) x^3                
  g <- function(x) sin(x)             
  x <- matrix(rnorm(n * m), ncol = n) 
  y <- x %*% b(t) + g(u) + rnorm(n)   
n <- 100                            
>   m <- 50                             
>   u <- runif(n)                       
>   t <- runif(m)                       
>   b <- function(x) x^3                
>   g <- function(x) sin(x)             
>   x <- matrix(rnorm(n * m), ncol = n) 
>   y <- x %*% b(t) + g(u) + rnorm(n)   

Error in x %*% b(t) : argumentos no compatibles
> x
             [,1]        [,2]        [,3]        [,4]         [,5]        [,6]
 [1,] -1.02037241  0.95855309  0.81637608  0.41959587 -0.746582384 -0.61536930
 [2,] -0.57289354  0.10422736 -0.88544357  0.36003797 -0.294098031  0.09664604
 [3,] -0.22216446 -0.43408939 -1.70144068  0.14366437  1.433603805  0.05417331
 [4,]  1.04303479  0.70786277  1.05206660  1.03692123 -1.330384678  0.98710967
 [5,]  1.09939845 -0.84956524 -0.42174182 -0.43694003  0.004900462  0.06452950
 [6,]  0.15143896  0.34163702  1.10727798  0.32195188  1.947267555  0.38007094
 [7,] -0.41879707  0.77570782  1.41881241 -1.59775001  1.251102912  1.23202601
 [8,] -0.02919616  0.45841374  0.51766565  1.24924165 -0.441014107  0.21218549
 [9,] -0.36222208 -0.96359131 -0.37770810  0.41166287  0.157118301 -2.73431682
[10,] -1.98465494  0.36427472  0.14532196 -0.85195540 -0.031865902 -0.54463862
[11,]  0.32764302 -0.27047694  0.23485609  0.47088060  0.452951085  0.80682651
[12,]  0.45061406  0.33115199 -0.04581803 -0.59148431 -1.625818518  0.36761147
[13,] -0.01371320 -0.12020248  0.51455621 -0.56507603  0.509332839 -0.24188608
[14,] -0.23221871 -2.16319981  0.11621739 -0.35655381  2.405273122 -1.01778415
[15,] -0.64862201 -0.64025487  1.32521121 -0.13511611 -0.657710852 -0.06395469
[16,] -0.07466915  0.24825757  0.74365551  1.02502668 -0.841889189  0.48989921
[17,] -1.99997869 -1.23605400  0.58433480 -1.64508706  0.181621533  0.75354618
[18,] -1.23788844 -0.71295048 -0.19473890 -0.70384075  0.326260371 -0.04501952
[19,] -1.04765437  0.15622924 -1.81507372  0.28683126  0.017924598  1.14613085
[20,]  0.27816992 -0.73173894 -0.23483540  2.25309854 -1.522881342 -1.36427539
[21,]  1.69428035 -1.14351235  0.01524525 -0.76754813  0.681335123  0.74352698
[22,] -0.34365478 -1.25266414 -0.79691726  0.55211223 -0.184156367  0.19323734
[23,]  1.31543883 -0.64449438 -0.13754140  0.35587152  0.292730322 -0.77426265
[24,]  0.48367711 -0.55721257 -0.08375176 -0.56149682  1.015420415  0.30577757
[25,] -0.03897846  1.66594887 -0.46313144 -0.20919561  0.418841346 -0.46945605
[26,]  0.73722040  0.34321681  0.39566640 -1.09720568 -0.102580825 -0.71010919
[27,] -0.91346575  0.75630948  0.95681777  0.22996614  0.444277057  0.07878714
[28,]  0.22819524  0.15953937 -0.05924396 -0.34874574  0.499442335 -0.61911276
[29,]  1.06007421  0.57970083 -0.64169215  0.73508196  1.202723091 -1.61145316
[30,] -2.19069632 -0.05425905 -0.68389329 -1.65010699 -1.311701357 -0.16218850
[31,] -1.36645798 -0.47737633 -0.66921800 -1.03347895  0.059721973  0.73994981
[32,] -1.01165716  0.85400970 -1.86430857 -0.06319770 -0.053796211  0.16186992
[33,] -1.28958789 -0.07036301 -1.64758289 -0.68024937  1.430865825  0.88864758
[34,] -0.99349486 -0.75847846  1.11893933  1.96492368 -0.205517544 -0.77209436
[35,]  1.57743389  0.43677768  0.48161283  1.25050639 -0.677706329 -1.88134434
[36,]  0.58644837 -1.44187964 -0.69815556 -1.52550606  0.598063163  1.78947484
[37,]  0.88582845 -0.76623253 -0.02667386  0.86222879 -0.345400513  0.26445972
[38,] -0.13247254  0.28040262  1.30781897 -1.49717744  0.197000568  0.95928955
[39,] -0.94390409  0.41585899 -1.39550934 -0.22837053  1.018349242  0.35029771
[40,]  0.94578095 -0.33993206  0.72056601  0.11099164 -0.561848288 -1.17332377
[41,]  0.95623025 -0.37290086  1.40645272 -0.02537768  0.414534490  1.46071099
[42,]  0.49389034 -0.86800535  1.27940356  1.17244789  1.393777057  1.37672774
[43,] -0.29733938 -0.26023244 -1.37021892 -0.31746601  0.818288665 -0.68140270
[44,]  0.56559297  0.20872502 -1.42351593  1.46244921 -1.401550680  0.39236460
[45,]  0.42540730 -1.02075504  1.93297101  0.23582137 -1.448449865 -2.78907016
[46,]  1.70562816 -0.88214758 -0.60314086  1.15173557 -1.724846302  0.57499196
[47,] -0.83420971 -0.03814658  0.77814795  2.36988933  0.297796627 -0.99590726
[48,]  1.44461465  2.25189442 -0.37714668 -0.39799546  0.897907310  0.67916679
[49,] -0.68672447 -0.68609895 -1.08836374  0.02934184  1.194515974 -0.88789646
[50,]  1.67464772  0.85279939 -0.46223526 -0.48345185  2.331144176  0.83080969
             [,7]        [,8]        [,9]       [,10]       [,11]        [,12]
 [1,] -1.20238302 -2.50993481 -2.63037525 -0.26276079  0.23895557 -0.132668673
 [2,]  0.32826754 -0.05864775  1.11747429  0.41563564 -0.44556493  0.238281676
 [3,]  0.42541314  0.90886756 -0.89873543  1.36337248 -1.64624005 -1.351561506
 [4,] -0.56447060  0.57707473  0.59639712 -0.92400064 -0.71963590  1.025952887
 [5,] -0.69595717 -0.04843367 -1.83725109 -0.26221692 -1.72064997  3.048333573
 [6,] -0.53499289  0.32073718  1.03482445 -0.48376516  1.53343989 -2.965486026
 [7,] -0.10868593  0.98717313  0.87482723 -0.32266641 -0.64741227  0.806086874
 [8,] -1.22272669 -0.98841051  0.20106121  1.34710046 -1.12309164 -0.450428921
 [9,] -1.20785357 -0.31221282  0.66526397  0.85083500 -1.06249283 -2.880362677
[10,] -0.53254116 -0.27125852  1.47972312 -0.32223800  0.51747801  0.380854424
[11,]  0.80391688 -0.39746829  0.05641351 -1.20921420  0.48367910 -1.805547453
[12,] -0.66886934 -0.19164044 -1.06943138 -0.97887364 -0.31571535  1.397271454
[13,] -1.27678199 -0.82142279  0.88219357  0.56128778  0.06267412 -0.289969582
[14,] -1.06800546  0.59189908 -0.61160976 -1.85790880 -0.43633374  0.080113308
[15,]  1.40302068 -0.49565073 -0.46308122 -1.23300807 -1.00343204  0.949456401
[16,] -0.70660726  1.64738624 -1.53283975 -0.24071697  0.08675159  1.951499062
[17,]  2.00207686  1.45776673  1.23108391 -1.14609758 -0.33426120  1.040126265
[18,]  1.93827260  0.01278590  0.65296008  1.19340248  0.37151190  0.454222025
[19,] -0.87249796 -1.37682499  0.68349759  1.92678181 -0.18984591 -1.911013901
[20,]  1.11355374 -1.39249453  0.78405082  0.71507589 -1.06168308  1.111650038
[21,]  1.13681264 -0.46033888  1.40085146  1.85020791 -0.05652393  1.082888789
[22,]  0.79774990  0.47505157 -1.07821590 -1.06314389  0.64222281  0.470194205
[23,]  0.70610902 -0.87028994 -1.13352818 -0.10860041  0.36789889 -0.042496978
[24,] -0.19703164  1.56907127 -1.71449367  1.04242229 -1.82240513  0.501092556
[25,]  0.38911759  1.29009143 -0.19173788  0.25017658  0.07889258 -1.072651775
[26,] -0.95961327  1.35345946 -1.70528870 -1.10763430 -1.26914919 -0.136332899
[27,] -0.24731256 -0.94737982  0.20296751 -0.53311457 -0.62486230 -0.139274788
[28,]  0.86957907  1.27848671  0.39496063 -0.85584598 -0.92039266  1.411111750
[29,]  0.19678436 -0.60373042  0.65492942 -0.59010276  0.83887845  0.175760489
[30,]  0.78265693  0.13127895 -0.87860079  0.60180472  1.62484721 -2.073716956
[31,]  0.61740919  1.41407699  0.43983769 -0.08751456 -0.73548169 -2.062730691
[32,] -0.55457727  1.54515090 -0.16724536  0.01241215 -0.95751031  0.379794501
[33,] -0.09908986  1.48845978 -0.32713919 -0.22917240 -1.21945259  0.883810086
[34,]  0.12490789  0.13382737 -0.92129975  1.40490548 -0.94004273  0.354063867
[35,]  0.12580562 -0.80831073 -1.47568774 -0.01637914  1.09772579 -0.003455365
[36,]  0.17500854 -0.91989550 -1.91387910  1.52881049 -1.31064120 -0.728619055
[37,]  0.49485016  0.02995410 -1.02580460  0.11942229  1.21947320 -0.058007375
[38,]  1.69812380  1.12235154 -0.39388050  1.07980867 -1.92153177  2.084561787
[39,] -1.36660162 -2.12726827 -0.80839094 -0.50867576 -1.41533920 -0.728417520
[40,]  0.50202127  0.41608420 -1.34634847  1.32806098 -1.19648071  0.497696131
[41,]  0.69918446 -0.82527550 -0.71584327 -1.10287535  0.77314214 -0.243612384
[42,]  0.27181712 -0.71512227 -0.64579773 -1.11600684 -0.78383592  0.418227914
[43,] -0.84538531  0.09621530  0.29626737 -0.03925606  0.61212062 -2.537695092
[44,] -0.06644367 -1.38171921 -0.15361815  1.10365568 -1.44763113 -0.579855293
[45,] -0.51166264  0.57141474  0.02192506 -0.61675074  2.19274370 -0.714378256
[46,]  0.09302023 -0.04207251 -1.22330183  0.76137182 -1.45927970  1.271875414
[47,] -1.66187163 -0.83144231  0.47234151  1.11122082 -1.12019125 -0.558297586
[48,] -1.24517377 -0.10892416  0.54817767 -0.63205444  2.02000854 -0.499990501
[49,]  1.42678940  0.50184870  1.43164843 -0.44601104  2.10661360 -1.605569376
[50,] -0.10406120  1.28790290  1.35898312 -0.51555109 -0.22566758 -0.365969536
            [,13]      [,14]       [,15]        [,16]       [,17]       [,18]
 [1,]  0.01315459 -1.0766406  1.09691862  1.117452085 -0.01443426 -0.56213569
 [2,] -0.90711959 -0.3699678 -0.72305540  1.478429992  1.61119214 -0.30362126
 [3,]  0.50872762 -1.2115580  1.46427427 -1.384160594 -0.79163293 -1.95561849
 [4,] -1.25091883  0.1733405  0.16094531  1.526420227  0.41928757 -0.05175453
 [5,]  0.46792928  2.1978608 -0.30822865 -0.832235994 -1.60078295  0.02573814
 [6,] -0.86514646 -0.7403492 -1.23397480 -0.373431748  0.26076235 -0.19197188
 [7,]  0.48489902 -0.6438429 -0.52151749  0.982163579  0.55256611 -0.03036838
 [8,] -1.74806659 -1.0619046  0.20837271  1.273260494 -0.53025952  0.72011566
 [9,] -2.45948097  0.9639266 -0.94184504 -1.528942835 -1.02970535 -0.20536384
[10,] -0.54229854 -1.0245413 -1.52439935 -0.365526400  0.97172366  0.19918916
[11,]  0.13477951  0.5666879  0.22195908 -1.158823483  1.51413106  1.63017627
[12,] -1.46634688  0.1929307  1.35161024 -0.064706000  0.61236893 -0.42004944
[13,]  0.69335874  0.8450272  3.06294914 -0.128524332 -0.12682951 -0.86281203
[14,] -0.77957833 -1.7643526 -1.36982296 -1.639535474 -1.49285163  0.67656985
[15,]  0.36995425  0.4405696  1.06594369  0.100171214 -0.10777429  0.13524288
[16,] -0.39366993  1.1384673 -1.08494072 -0.544458671  0.66885373  0.22902405
[17,] -0.30341075 -1.8347753  0.44550593 -1.258714405 -0.36261447 -0.65049105
[18,]  0.07754751 -0.7538633  0.37344074  2.182658900  1.24990425 -0.79985734
[19,]  0.19715475 -0.2063825  2.24840233 -0.848591196  1.17784927 -1.50507474
[20,]  0.30691748  0.2020314  1.81412506  1.225601686  0.21955123  0.44583494
[21,]  0.83899522  0.7738772  0.04507935  0.536334685 -1.56575251  0.32452220
[22,] -0.39904165 -0.2289345  1.60087857 -0.733300330  0.39274956  0.30855374
[23,] -0.85410907 -0.1992652  0.98945539  3.421791680 -0.03179149 -0.05574020
[24,]  0.64727432  0.7222603  0.30478868 -0.688986698  0.72944083  0.05977769
[25,]  1.06582825 -1.1749982 -0.22283129  1.118346370  0.40418699  0.91749569
[26,]  0.97313968  0.6045171  0.62014602  0.557382729 -0.18808018 -0.49681239
[27,] -0.16492069 -1.5464524 -0.87237312 -0.298698201  0.87406563 -0.73845691
[28,] -0.25531933 -0.5496881 -1.27430337  0.043930453  2.72448012  0.27976234
[29,]  0.77153752  1.4370409  0.86760531 -1.327432498 -0.71828408 -0.98634363
[30,]  0.48862661  1.1177546  1.04215023  0.006754156  0.07059844 -1.27314871
[31,]  0.74172488  0.2928653  2.06890735  0.492738892 -0.30221790 -1.47717823
[32,] -0.83903408  0.1554054  0.79168877 -0.765916498  0.17500071  0.65042280
[33,] -0.23060466 -0.5157380 -0.81135134 -0.615947964  2.38177436 -0.24653639
[34,]  0.96432716  0.6191762 -0.45194314 -1.595384169 -0.19254190  1.76950975
[35,] -1.10019881  0.8900429 -1.26247190 -0.625990518  1.22207029 -0.66132966
[36,]  0.62761521  0.6638099 -1.10174853 -1.983181844  0.68648149  0.66320349
[37,] -1.49625574 -1.0590496  0.89593117 -1.404864281 -0.10799365  0.95447815
[38,] -1.07510787  0.8174583  1.28782201 -0.808893659  0.00883529 -0.61173651
[39,] -1.47659902  0.4459066  1.65720346  0.645381587  0.33030549  1.35259608
[40,] -0.47132731  1.6554139  1.07997367  1.249053979  0.41761356 -1.20303659
[41,]  0.04132026 -0.1317917 -0.66720365  0.697862581  0.46471013  0.13791009
[42,] -0.80579040 -1.0153629 -0.05841253  0.669635705 -0.31505505  0.25329706
[43,]  0.31831312 -1.1635512  0.51336957  0.088579650  0.33917003 -0.69979351
[44,] -2.52694672  0.5481337 -0.41403705  0.374294464 -0.20932679  0.05961632
[45,] -0.57335466 -1.0273412 -0.31456323  0.133031929 -1.38519255  0.92046859
[46,]  0.06763143 -1.1040479 -0.81748421  0.106833144 -1.34741692 -0.18178105
[47,] -0.51892024 -0.1125028 -0.05623605 -1.093991359 -0.14312246 -0.50661522
[48,]  0.64744338 -0.4332297  0.92616050 -0.835065417 -0.60872766  0.97677198
[49,]  0.72597592 -0.4259203 -1.20314609  0.007843025 -1.50886011  1.24006688
[50,] -0.52717203  1.4309489 -0.26298930 -1.065559452  2.83984991  0.06453987
             [,19]        [,20]        [,21]       [,22]        [,23]
 [1,] -0.016778020 -0.174206882 -0.363923906  2.13019945 -1.319892604
 [2,]  1.698672987 -0.855029584 -2.838141270 -0.37873136 -0.561648025
 [3,] -1.461824034  0.014825065 -0.009351590  0.01010092 -0.425845499
 [4,]  0.809434652  0.808798726 -0.563515736  0.71155749  0.534038301
 [5,]  1.241119006  0.995044734  0.701531172  0.54646875  2.083044490
 [6,] -2.374352866 -0.612061761 -2.060522343  0.02106211 -0.113451535
 [7,] -0.295254568  0.990071555 -2.761506361 -1.45163888 -1.474063398
 [8,] -1.044579979 -0.493408371  0.155613764 -0.69437679 -0.295076132
 [9,]  0.408240515 -1.203033257  0.998388788  1.25450414  1.488110421
[10,] -2.651263465  0.265393699  0.763034783  0.13977539 -1.249979375
[11,]  1.218336217  1.068351255 -0.483327950 -0.05160515 -0.741292180
[12,] -0.775549847 -0.552340940 -0.929729351 -0.24545178  1.184068792
[13,]  0.111873735 -0.172991559  0.464541097 -0.01902090  0.517499425
[14,]  0.540608700  0.946193176 -0.358002397 -0.32428514 -0.756481196
[15,]  0.397049979 -1.380631610 -1.967281859 -1.29527917  1.081085232
[16,] -1.749416213 -1.058154840  0.935753872  1.84941112 -0.015584177
[17,] -0.132299018  0.616629845  1.251461804 -1.22714065 -0.571370370
[18,]  0.725351079 -0.624633317  0.779831903  0.69879332 -2.035659154
[19,] -1.625978043  0.910518833  0.353156646  1.55246650  0.846101320
[20,] -1.048889213  0.579112683 -0.761642627 -2.02056969 -1.245834109
[21,]  1.717440031 -0.576675642  0.002573825  1.08351639  0.688168500
[22,] -0.801033683  1.068962810  2.215053207  1.22853534  1.891006573
[23,] -0.108840334 -0.586222601 -1.386750858  0.62768213  0.482429638
[24,] -0.771995963  1.522343145  0.781989192  0.04599697 -2.355514117
[25,] -0.469040340  0.016832204 -1.103754359  0.08422814  0.430053677
[26,] -1.098266065  0.002439411  0.574475066  0.16547836 -0.027760924
[27,] -0.039781759 -1.719216489 -0.550692722 -0.57400298 -0.327724855
[28,]  0.659653470  1.293899573 -1.761543510  0.57606642 -0.434923763
[29,] -1.750585726 -0.238233930 -0.087976077  0.13183615  1.399496436
[30,]  0.710370958  0.941587970 -1.111335188  0.30322873 -0.490353479
[31,] -0.242501545  0.383060644 -1.320642991  1.75316050  0.069540725
[32,] -0.849173519  1.807834697  1.451025906  0.12981771 -0.147581037
[33,]  0.851528056  1.432485299 -0.598637809  0.46580421 -0.308541811
[34,]  0.249917765 -0.543994451 -0.090760831  1.08226990 -0.284638215
[35,] -0.609632346 -1.247702494  0.004014233  0.10201209  1.001677318
[36,] -1.014039201 -0.342844998 -1.284187189 -0.20892400 -0.522174280
[37,] -0.759544692  0.880793475 -0.944156859 -2.15751012  1.633909973
[38,]  0.113528697 -0.366635054  0.020856461 -0.94699217  0.996609736
[39,]  0.190889822 -1.253828275 -0.887111677 -0.66831387  0.819501210
[40,] -1.185904754  0.063082247  0.048358487  0.20138674  0.506772776
[41,]  0.585993544 -0.433684105 -0.658900560 -0.39818541  0.478336239
[42,]  2.670639150 -0.082717998  0.799179626 -0.45023195  0.004646966
[43,]  0.374343535  0.647493526  0.746874602  0.23241604 -0.816091391
[44,]  0.689430955 -0.506305310 -0.167396132  0.98399555 -1.263563421
[45,]  1.184737110 -0.196407653  0.137198938  0.23018994  0.218817166
[46,] -1.882241481  0.145886404  0.670376024 -1.14427356 -0.518314399
[47,] -0.000366548  0.448407082 -1.385612939 -0.16013268 -1.762739795
[48,]  0.085641431  0.503574481  0.480342928 -0.03152407  0.365602368
[49,] -0.254273487 -0.142327466  0.446773021 -1.05559126 -2.686832773
[50,] -0.851044566  0.616903419 -0.656347354 -1.69996898  0.504282656
             [,24]        [,25]       [,26]       [,27]       [,28]       [,29]
 [1,]  1.222018436 -0.307743996  0.13843901  0.16910203  0.75470456  0.41335472
 [2,] -0.154365854  0.026467676 -2.00336003 -0.53588908  1.13839246 -0.45964167
 [3,]  1.682171029  1.408261598  0.17526935  1.17428749 -0.37671098 -0.53657326
 [4,]  1.206649149 -1.744843750 -0.11518928  1.44809896 -0.96148446 -1.17372048
 [5,]  0.389468827 -0.286122469 -0.92992599 -0.94446651  1.58638937  1.12731278
 [6,] -0.041867425  0.377765011 -1.65959066 -0.40626629  0.25730207  1.09600755
 [7,]  0.027782815 -0.541797977 -0.26801362 -0.25321442 -0.32511844  0.14460676
 [8,] -1.349201139 -0.574173419 -0.66072720  1.21079751 -0.45886555 -1.27543235
 [9,]  1.683420839  1.397143627 -1.05244454 -1.23917475  1.17730517  1.56519379
[10,] -1.155459591 -2.243554773 -0.75476464 -0.23097028  0.02064461  0.99896721
[11,] -1.767230353  0.114605225 -1.79959924 -0.07593946  0.36337745  0.16439604
[12,] -2.071864450 -1.823624645  1.03192077 -1.54242069  1.10783512  0.87045221
[13,] -0.003898312  1.083307113 -0.18874502  0.71787683 -0.19492926  1.48925806
[14,] -0.694075678 -0.149274874  0.07347476  1.04525958 -0.86483900  0.54741206
[15,] -2.770813035  0.684422023 -1.94516730 -0.97322696 -1.87218336 -1.23661699
[16,] -0.108405825 -1.024087715 -1.13110908 -0.63946580 -0.39127932  0.27047820
[17,]  0.004454525 -0.109356074  0.14444797 -1.23159275  1.72677055  0.73124616
[18,] -0.890356077  0.165590035 -0.19338771  0.10623712  0.52004726 -0.01016986
[19,] -1.348286671  0.969415763 -1.07703487  1.51170369  0.26878709 -0.14855880
[20,] -0.261828349  0.001852473  0.45071411 -0.62518890  1.01262423  0.28370113
[21,]  0.080476837  0.017884540  0.41201839 -0.42177395 -0.28928129 -1.36032214
[22,]  0.221662428  0.153588068 -1.48801709  0.99855394  0.40833065 -1.78714846
[23,]  0.963997672 -0.811245479 -0.21773681 -0.23619107 -0.17035490  2.42306266
[24,] -0.411805160  1.236606547  0.82531132 -0.38771239  0.11767839  0.54441513
[25,] -0.224968864  1.008112845  0.21230049 -1.44031568 -1.47736450  0.59453279
[26,] -0.784230129 -2.771277229 -0.80897737  0.93893149 -2.17397650 -0.15615193
[27,]  0.466526095  1.580366527 -0.69552920  1.96533150 -0.24776905 -2.23304033
[28,] -0.064285671 -0.297936822 -1.15300121  0.50760365 -1.70202548  2.01140252
[29,]  1.005776809 -1.331967550 -0.51912266 -0.25296663  1.24890555  0.05612014
[30,] -2.090337074 -0.461290188  1.62893120  0.18722688 -1.75175009 -1.54803554
[31,]  0.439010799  1.558829495  0.42075258 -0.25182228  2.12437338  0.39589212
[32,] -1.631737914  0.337206921  0.46518392  1.03345601  1.54701424  0.53167727
[33,]  0.358786169 -1.563684256 -1.53110993  0.83600212  0.91552078  0.57344245
[34,]  0.288756578  0.728945960  1.00347293 -0.65935656  0.09847703 -0.79589435
[35,]  1.029136228 -1.267807211  1.19072198 -1.70488417 -0.60213552  0.76178357
[36,] -0.163574688 -0.736413705  0.61205910  0.18168815  0.37532508 -0.65672582
[37,] -0.137624535 -0.135792830 -0.24414614  0.20302520 -0.56763001 -0.03318865
[38,] -2.249696066  1.190126003  0.73888589  1.34063248  0.15018364  0.44499867
[39,] -0.503312893  0.651304159 -2.15081154 -0.59072317 -0.27741937 -0.32202919
[40,] -0.103197842 -1.087703921 -0.03746476  1.23081789  0.36712371  0.63629296
[41,]  0.565347823 -0.496046119 -2.28351240  1.07861702 -0.38405029 -0.54598179
[42,]  0.343425997  0.633403525 -0.42009392 -1.34226657  0.62132385 -1.03366068
[43,]  0.079650136  0.551078300  0.44179471  0.07385577  0.47852422  0.47611776
[44,]  1.256383204 -1.329667705 -0.71463629  0.97774593  0.52679406 -0.56152019
[45,]  1.632959556 -1.321581588  1.59248304 -0.58771666 -0.51839631  0.39076612
[46,] -1.083116927  0.750340822  0.29013528  0.92826531  0.40887890 -1.24076936
[47,] -0.050523509 -1.014589029  0.56511970  1.57594712 -1.10479204 -0.03909375
[48,] -0.093651340  1.686926088 -0.97847087  1.90417356 -0.75537360  0.28023051
[49,]  0.655992837 -0.727901799 -0.96920193  0.13300310 -0.73916346  0.51905865
[50,] -1.690561192  0.655331048  0.82231305  0.05796199 -0.16776524 -1.59737477
            [,30]       [,31]        [,32]       [,33]       [,34]        [,35]
 [1,]  1.19251186  0.88518105  1.694031746  0.48100565 -1.64919086  1.678120945
 [2,] -0.13398475 -0.89200546  1.040841062  0.03597843 -0.83285294  0.119158737
 [3,] -1.40872310  0.03866381 -0.605926175  0.19340617 -0.39707228  1.353814124
 [4,]  0.58518010  0.53698913 -0.443556566  1.78535028  0.32407387 -0.126801480
 [5,] -0.15900888  1.51598507 -0.494830903  0.02910794 -1.12741637  0.679260050
 [6,]  0.23203038  2.24456526  1.782466791  0.62939859  2.22527946  0.599380055
 [7,]  1.94007413 -0.69097829 -0.811553705 -2.06941480 -0.05609919 -0.008061131
 [8,] -0.48628044 -0.60476687  0.244644377  1.66715341 -0.64081531  0.363156832
 [9,] -0.87542465 -0.39142222 -1.114629436 -1.04500797  1.13675388  0.282751882
[10,]  0.17536558  1.54601201 -0.528416687  0.67950725 -1.53061547 -0.557156106
[11,]  1.10920860 -0.22531190 -0.853508794 -0.21443326 -0.48548463  0.372587806
[12,] -0.04980795  0.62387804  1.370587438  0.47179755 -1.21408157  0.878125972
[13,] -0.62508888  0.44899037 -0.009778564 -0.26688686  1.28245107  0.046562396
[14,] -1.99861085  0.23831839 -2.038943233  1.13801799 -1.68111223  0.709865052
[15,] -1.43576014 -2.00580159 -0.664516651  0.41543831  0.57509811 -0.413962665
[16,]  1.33019831 -0.50222090 -0.786412767  0.50795399 -0.84003044  0.843995505
[17,]  1.85520641 -1.36147013  0.425762089 -0.39075428 -0.64027692  0.821770146
[18,] -0.09527882  0.10223102  1.335855286 -0.53418915  0.24761545 -0.381602311
[19,] -0.98072629 -0.86302145  0.989574937 -1.33211582 -1.27331262  0.105148277
[20,]  0.41717211 -1.13600515 -1.442410367  1.11568655 -0.60642789  1.194889167
[21,]  0.93799616  0.68049770 -0.014471220  0.27284981 -0.98204460 -0.428839524
[22,]  0.02814347 -0.29308309 -0.222856009  1.62695014 -2.06757341  1.242861427
[23,] -1.63574124  0.61220359  1.478001638  1.31403482 -1.47546296  1.945219065
[24,]  1.21852920  0.67584146 -0.638615837 -0.30235129  1.21026795  0.555607829
[25,] -0.27938915  2.05431200  0.103099983  0.88509248  0.12342732  0.558385468
[26,]  1.40064191 -0.16181566 -2.133716521 -0.34542481 -1.48448718 -0.203844198
[27,] -0.30957661  1.57044247  0.386963710  0.48824944 -1.11447648  0.032890978
[28,]  0.59759628  0.58736113  0.631074136  0.52324338 -1.11184937  1.271325622
[29,] -0.85523141  1.63059962 -0.091852401  0.59645343  0.65376475  0.277186981
[30,]  1.47070794  1.21967661 -1.311072434 -0.52370325  0.66241279 -0.209534636
[31,] -0.17006939  0.29720468 -0.855681216  0.33783694 -0.05396072  2.042809830
[32,] -1.19863950  0.44080759  0.528742633 -1.51557914 -0.09575472 -0.684316231
[33,] -0.62334053 -0.09464743 -1.472862820  0.69874286  0.45204830 -0.576528097
[34,] -0.24801718 -0.70959018  0.273600073  1.16773048  0.48826691  0.753477451
[35,] -0.93501092 -0.21897431 -1.244821480  0.18766690  0.57076108  0.219374919
[36,]  1.51361192  0.09815976  2.133778919  0.10250675 -1.27515851  0.369654098
[37,]  0.08105322  1.79648130 -1.782813624 -0.69259128 -1.41833886  0.546521236
[38,] -1.13528222 -1.74505253  1.950063877 -1.68864231  1.50843113  0.330245027
[39,] -0.44454005  0.20383142 -0.520571722  0.58165515 -0.98643709  0.440215706
[40,]  0.55497430  0.71376286  0.285526400  0.23596812 -0.45783738 -0.938056704
[41,] -0.87428747  1.78642027  0.048220338 -0.12891473 -1.58164638 -1.407733081
[42,]  0.63070243 -0.20149380  1.970160428  0.86341339  0.50419462  0.092417236
[43,]  0.41290461  1.87018040  1.068150858 -1.39676411 -0.89175824  0.416113681
[44,]  1.41274888 -2.86787634 -0.912339096 -0.36417407 -0.97896053  0.338778312
[45,]  0.20243343 -0.53339416 -2.129586650 -0.81240278 -0.34274377  1.430095433
[46,]  1.14802932  0.49726616  0.165184928  0.72798351 -0.81343531  1.613289166
[47,]  0.34967991 -1.25725567 -0.054444812  0.16157460 -0.85342984 -0.907593722
[48,]  0.10214919 -1.45427521 -0.774008402 -0.77004652  0.01772325 -0.920503985
[49,] -1.08318487 -1.94788293  1.551700546 -0.33520834 -0.49507039  0.403566422
[50,] -0.45015975 -0.16096293  0.781492663 -0.05820997  0.43311840 -0.730954331
            [,36]        [,37]        [,38]       [,39]         [,40]
 [1,] -0.14618616 -1.298651958 -0.864869633 -1.35279692 -0.7092866233
 [2,]  2.23100032 -0.003489714 -0.345049634  0.16030490  1.5343069465
 [3,]  0.41980519 -0.803910562  2.820235405 -0.80144472  0.6637460570
 [4,]  1.61389799  0.490026189 -0.320704961 -0.51468621  0.4688889529
 [5,]  0.14620416  0.659737766  0.770457138 -2.40699004  0.9953898820
 [6,]  0.26847960 -0.619020291 -0.714066273  0.38753535 -0.9286184196
 [7,]  0.36084640  0.483394670 -1.023587019  0.57189341 -0.3468002746
 [8,] -0.50893631  1.078138973 -0.249862032  0.96179012 -1.5066160529
 [9,] -0.44350981 -0.329142245  3.195768084 -0.22499713  0.8741819720
[10,]  0.19753798  1.168583473 -0.809356064 -0.05762063  0.2674608521
[11,]  1.17651093  0.806129299 -1.604730045  0.02839229 -0.1629593865
[12,]  0.06402825  0.598767507 -2.520924261 -0.84758053 -0.7149762083
[13,]  0.63007994  0.129950269 -2.505568251 -1.15616691 -2.1339939477
[14,]  0.78596026 -0.255711232 -0.434314254 -0.79502411 -1.0766117512
[15,]  0.22722505 -0.261709506 -0.930576433  0.68352242 -0.7984598475
[16,] -1.38257411  0.536181801 -1.725431388  0.10092373 -0.6291875051
[17,]  0.22378136 -1.652894607 -0.502667086 -1.28679806 -0.2025059423
[18,] -1.15628875  0.989323880 -0.578413292 -1.37407353  0.4559082912
[19,]  0.14778428 -0.021317087 -0.275053704  0.90595122 -0.0007105625
[20,]  1.61280409 -0.206589587  1.067091097 -0.93197917  1.6635368557
[21,]  0.25365812 -0.543500539  0.168373215  1.52924782  1.8805705382
[22,] -0.92728649 -0.523292607 -2.160676033 -1.05334504 -0.0282171418
[23,] -0.14533038 -0.233659387 -0.570330218 -1.09296691 -0.3994184803
[24,] -0.63848958 -2.769452260  0.968162199  0.03374029  1.1528729422
[25,]  0.02265940 -1.305256220  0.708837107 -1.01975080 -0.2035809204
[26,]  0.33200648 -0.961890780  0.264179580  0.27766008 -0.0038756440
[27,] -0.88163615  0.538912274  0.253522045 -0.05273768  0.9198325097
[28,] -0.21348220 -0.038375597 -0.004027251  1.03739710  1.0138112673
[29,] -0.64124365  1.784190293  0.230405180  0.41982416 -0.7789581860
[30,]  0.13388001  1.423232650  1.699237836  0.20572371 -0.1130461624
[31,]  1.57149438  0.696187942 -0.856031120 -1.66829312 -1.2947278422
[32,] -0.65815418  0.935593548 -0.597409145  1.13515010 -0.0442191163
[33,]  1.80165272 -0.032763052 -1.476978776 -0.81890996 -0.8797052147
[34,] -0.22612156 -0.336770721 -1.840963674  1.07528038  0.7030828671
[35,]  0.45979347  0.528472663  0.335660874  1.75727915 -1.3489651539
[36,] -0.54982948  1.182292786 -0.926510523 -0.37465386  0.2766812918
[37,]  0.17430222  0.487987663  1.412716533 -0.64622980 -0.8905113965
[38,]  0.01697696  0.561720596  0.322852976 -1.29867773 -1.9725772192
[39,]  0.51268395  0.092276124  0.127451229  0.82928843  1.5856486469
[40,] -1.02718762  0.950828709 -0.527217258 -0.73808665 -0.9032657986
[41,]  0.25925397  0.056382542 -0.940623417  0.37311938 -1.1480093699
[42,] -1.15477401 -0.270879653 -0.291796573 -0.58235992  0.5069363813
[43,]  0.53238586  0.017035129  1.230154672  0.12355598 -1.0909845762
[44,]  0.76696952  0.773350503 -0.145993878  1.45824582 -2.1112123618
[45,]  0.91597003  0.034890269  1.148996015  1.14510789  0.7851277845
[46,]  0.66133781 -0.618750399 -2.336317768  0.76944454 -1.5968525266
[47,] -1.38205094 -0.826969778 -0.159976753  1.74481712  0.8607908753
[48,] -0.77783221 -0.569814219  2.062674497  1.56688772 -1.1686520684
[49,] -0.33084449 -0.270641831  0.715272664  0.22585861  1.1416639745
[50,] -0.20005735  0.358117966 -0.001105705 -0.29249938 -1.5349752780
            [,41]       [,42]       [,43]       [,44]       [,45]        [,46]
 [1,] -2.07460474 -0.10033682 -1.60953558 -0.51577345  0.36769071 -0.024042868
 [2,] -0.05053610  1.47015630  0.37406261  0.10596374  0.11430970 -0.187999925
 [3,]  1.40011331  0.61147933 -0.65099611  0.83410064 -2.65654652 -0.340714117
 [4,] -1.04956835  1.14068164  1.35098693 -0.24221246  0.91536957 -0.955668773
 [5,]  0.13302018 -0.16551343 -0.27077869 -0.12593256  0.05730035 -0.387800480
 [6,] -0.16819161  1.24081406  1.61887015 -0.68584610 -0.72302378  0.177984261
 [7,] -0.01801759  0.72553683  0.72950787 -1.81231791 -0.60143009  1.713610387
 [8,]  1.13768267  1.66327199  0.71969653 -0.25134386 -0.90357345  0.396920283
 [9,]  0.97235848  0.38403617  0.54733674  1.33157357  1.02268011 -1.349441403
[10,]  1.97177244  0.33598673 -1.13134337  0.69847165  0.74896720  0.241823812
[11,]  0.10746747 -0.30760791 -2.17507794  0.02352813 -0.59092893  1.067425010
[12,]  1.41931389  0.63135801 -0.28988539 -0.74407942  1.78450701 -0.484090148
[13,] -0.32909490 -0.25503406  0.56157602 -0.25179653 -0.33892389 -0.527632433
[14,] -2.21102001  0.31772405 -0.11354020  2.04303661  0.02040063 -0.392660093
[15,] -1.31624109 -1.17991366 -0.10840051  1.90858243  3.07275056 -0.065041266
[16,]  0.30735305 -2.45446425 -1.31793786  0.43683913 -0.43381556 -1.508285287
[17,]  0.56057342  0.67242608  1.61113703  0.24803792  0.17845048 -0.132485587
[18,] -1.22918032 -0.34796495 -0.29194525 -2.21265540 -1.22439330 -0.043399642
[19,] -0.67113986  0.49756327  0.12275024 -2.19162566 -2.02363977 -1.529444199
[20,] -1.00576115 -0.39221721  0.05215478  0.53245889  0.95681354 -0.297204869
[21,]  2.09545761 -1.09223608  0.88166674 -0.32823071  0.19359430  0.793631663
[22,]  0.15185478  0.40131116 -0.91179066 -0.73132161 -1.04077132  0.855461566
[23,] -0.49754319 -0.18460092 -0.11909265  1.44106977  0.85070191 -0.348665248
[24,] -0.74615440  0.75505446  0.23104273 -0.30739789  1.00476343 -1.891111209
[25,] -0.49741156  2.16436787 -1.13882566  0.16375122  0.95047761 -0.398933600
[26,]  0.38439388 -1.35484225  1.02581527 -1.14106666  0.93526736  1.110194375
[27,]  0.82526891  1.26391038  0.33211751 -0.03120863 -1.54923983  0.531525737
[28,] -2.01371912  0.38998175  0.38205207  1.34465668 -1.03760044  0.869240621
[29,] -0.01674555 -0.35110457 -0.75657973  0.60603488  0.80882573  0.249487188
[30,]  2.47450567  1.49766865  0.28690195 -1.07611779  0.97075390  0.536366609
[31,] -1.66477543  1.04328189  0.65164687  1.39693278  2.61272453  0.058067541
[32,] -0.79896773  0.64452145  0.72944959 -1.15857042  0.67069601  1.796173109
[33,] -1.75991027 -0.94305983  0.93536930 -1.86781356 -0.29859988 -0.690278965
[34,]  1.69065916  0.43008304 -1.38371031  1.01139312  0.39441413 -0.224067497
[35,]  0.02878077  1.62478683  0.85066088 -1.44907080  0.49421545  2.235384928
[36,]  1.67937367  0.35536874  0.05216023 -0.21314230 -0.04634953 -1.452560824
[37,] -0.36437333 -0.78564384  0.16487589  0.36036817  1.35180614 -0.422209249
[38,]  0.72314154  0.87323856 -1.07086430  0.23195792 -0.55279544 -0.523616537
[39,]  0.86816098 -1.72987430  0.03970578  0.79561352  0.47989856  1.357315010
[40,]  0.93558862  0.10733593  0.20089433 -0.75882100  0.62740812  0.694586445
[41,]  1.65964247  2.26619416  0.05975803  0.41202001  0.39151943 -0.365001619
[42,]  0.05308722  1.69522381  0.38299187 -0.09485636  1.45464605  0.795638683
[43,]  0.97544900  0.33994546  0.16630018 -0.29187707 -0.70813988 -0.098041488
[44,] -2.16604046  0.51105463 -1.49916756 -0.25544348 -1.75607777 -2.376505421
[45,] -0.31374680  0.04160305  1.77636816  1.47122656  0.86910357 -0.005690652
[46,] -1.16375205 -1.39654100 -2.07836616  1.85769976 -0.02268009 -1.601304200
[47,] -1.07903806 -0.88120652 -0.42743231 -0.67439416  0.26950251  0.843374362
[48,]  0.13913567  0.13370868  0.19538672 -0.09542340  0.63827423  0.176443186
[49,] -1.67156609 -0.51347329 -1.66112354 -1.30665922  1.81898064 -0.364063551
[50,] -1.47954780 -1.93361663 -0.46238455 -0.81464300  1.37672010 -1.057506251
            [,47]       [,48]        [,49]       [,50]       [,51]        [,52]
 [1,]  0.45942556 -1.10973652  0.352784681 -0.22931604  0.77994575 -0.107936034
 [2,]  0.48339265 -0.45355195  1.306473929 -2.03096661  0.52654093 -0.233186477
 [3,]  0.42995810 -0.63870237  1.431535740  0.58018613 -1.33339796  1.366193490
 [4,]  0.32420866 -0.13894101  0.545674903 -0.78818842 -1.03254095  0.345492336
 [5,]  0.30059216  0.03712025 -1.279322656 -0.56863583 -1.06517103 -0.394051089
 [6,]  0.95777648 -0.32854019 -1.254524497  0.27838210 -0.02826216 -0.191795512
 [7,] -0.55845934 -0.30616745 -0.003732737  0.08565421  0.65728457 -0.675381006
 [8,]  0.12022290 -0.71967748  0.222941362  1.08256051  0.80720069 -1.445949192
 [9,] -0.03264029  0.74341580  0.887015470  2.58578632 -0.72365935 -1.268168170
[10,]  1.23521822 -0.43441826 -1.083520417  0.05056159  1.08055034 -1.318823810
[11,]  1.06703060 -0.37154724  1.301790553  0.43313666 -0.34334354 -1.152015017
[12,] -2.04485592  1.32229362 -1.502506265  1.87865051  1.04897175 -1.623228020
[13,]  0.41399125  0.29116542  0.566647539  0.64015077 -0.41459318 -0.518503458
[14,]  0.34724302  0.46207740 -0.454375753 -2.84638460 -1.18603749 -0.062043368
[15,]  1.04504943  2.57091577 -0.085053977 -2.69419385  0.20801644  0.903936507
[16,] -0.56554287  0.86924686 -1.141008492  0.18965944 -0.13579537  0.712240711
[17,] -1.53652439  0.44143528  0.623994569  1.73387658 -0.95107118 -0.933783562
[18,] -0.99608910  2.12935468 -0.480964043  1.90870969  0.07463900 -0.400125813
[19,]  1.09032262 -1.79606081 -0.468881885 -0.64355734 -0.52960599  0.044840833
[20,] -0.07220001 -1.33967944  1.161247556  1.29568197 -0.19902519  1.213207360
[21,] -0.43788098 -1.48869532 -0.685480220  0.69687775 -0.41644734  0.266531028
[22,] -0.23734725  0.09284351  0.001213668 -1.24214611  1.09393735  0.121099039
[23,]  1.55752175  0.02472191 -1.651208339 -1.95249102  0.75977311  1.439825585
[24,]  0.94825078  0.48106095 -0.261044599  1.26406029  1.03951852 -0.487443232
[25,] -0.57343095  0.72471911 -1.041373962 -1.05867589  1.13156414  0.978609621
[26,]  1.23534662  1.28430969  1.754739715  0.21835580 -0.74040657 -2.411365308
[27,] -0.78055149 -0.74373857  1.016817386 -0.59251450  1.34700523  0.332885689
[28,] -0.73040269  2.22819442  0.651428650 -0.19694634  0.48161798 -0.184138790
[29,] -0.33073696  0.03744261  0.769524554 -0.47065881 -1.35299146  0.153154408
[30,]  0.63967407 -0.67615100 -2.087664629  0.30635382 -0.09736723 -0.107992733
[31,] -0.99863089  0.93054280 -0.918748698 -0.95343044 -0.69310105 -0.426263247
[32,]  1.73550264 -2.80504799  0.053267808  0.21300089 -0.27448569  0.470311291
[33,]  2.90951820  1.87473719 -0.945855706 -0.38919897 -0.60322366  0.005761709
[34,]  0.87855030  1.91626262 -0.582288181  0.65571543 -0.75496993 -0.424820284
[35,]  0.80174447 -0.49935260 -1.543625759  0.70803710 -1.88592254  0.079229993
[36,] -0.12662776  0.23209789 -0.910647487  0.70439842  0.48947092  0.758140450
[37,] -1.04104797  0.22872405  0.275580403  1.10383052 -1.39301590  0.016468078
[38,] -1.36211376 -0.12513312 -0.763563656 -0.44509413  0.21441047  1.987421251
[39,] -0.64961005  1.55444689 -0.263501747  0.65731137  1.16203729  0.557119075
[40,] -1.48196186 -1.58992105 -0.013122763  1.03945707  0.39746400 -0.327063593
[41,] -0.50429862 -0.16113506  0.342921902  0.86212217  0.12464720 -0.395510892
[42,]  0.17334634  0.92345116  0.798623218  1.39801691  1.53957285  2.123727901
[43,]  1.32366303  1.51962922  0.862890023  0.28697442  0.89330136  0.281059376
[44,]  1.05059757 -2.60827410 -0.200054676 -1.14244562  1.09916943 -1.297932021
[45,] -0.35372743 -0.10267410  1.445423725  0.14343245 -0.04407489 -0.490913924
[46,]  0.81427581 -0.60439100  0.532890328 -0.64703478  1.33390278  0.025544031
[47,]  0.16240439 -1.32242480  0.608104661 -0.03152353 -0.09745327  0.452731202
[48,] -0.18571950 -0.36078191  0.331978872  0.40807510 -0.80907414 -0.721378376
[49,]  0.51338179  0.27285631  0.531720411 -0.28950036 -1.12290900  1.519070087
[50,]  0.33100366  0.08755770  1.084453536 -0.89310090 -0.77789995  1.315200148
             [,53]       [,54]       [,55]        [,56]       [,57]       [,58]
 [1,] -0.463005806  2.08208757  0.25460354 -1.040376273 -0.74900525 -0.39554096
 [2,]  1.137175113 -0.74379401 -1.47012578 -0.196638719 -0.45212122 -0.36123685
 [3,]  0.071869211  2.38785969 -0.38011912  2.443548336 -0.41473945 -1.55071956
 [4,]  0.827435965 -0.71295394  1.33987034 -2.067093597 -1.22910122 -2.14554349
 [5,] -0.059503157 -1.05380989  2.34706752 -1.340672627 -1.46373256  0.37712981
 [6,]  0.885322123  0.36637308 -0.69087213  1.464624043  0.02849070 -0.78946662
 [7,] -0.309084758 -0.07955041  0.15307235  0.426902423 -0.45896247 -1.29438089
 [8,] -1.272974226  0.80590165 -0.14283177 -0.416481281 -0.51756487 -0.49168075
 [9,] -0.345873775  0.57519975  0.74558948  1.511809357  1.01622915  0.57917524
[10,] -0.725433218  0.59555152 -0.63539607  0.715096067  1.18040730  1.59841124
[11,]  1.439134589  0.21437232  1.37150498 -0.006455717 -0.36188878  0.48164371
[12,]  1.667922151 -0.61395486 -0.60739626  0.808664997  0.08805928  0.24140742
[13,]  0.045870646 -0.97338773  0.22501276 -1.009265112  0.97593085  0.69758891
[14,] -0.188029095 -1.03233392 -0.44648908 -0.619030048  0.21928114 -0.73333816
[15,] -0.593991525 -0.48905069  0.95565216  0.684014180 -1.26071815 -0.10580688
[16,] -0.639770464  0.62130511  0.63241666 -0.342939123 -1.32885054 -0.75952108
[17,]  0.001529152 -0.39900082  0.67382956 -0.821734460 -0.37646451  0.71289508
[18,]  0.813172422 -0.63923548  1.40557154 -0.529957773 -0.82662078  0.18889005
[19,] -1.425606405  0.10193968  2.35888762 -0.954830336 -0.41014617  0.36669569
[20,]  0.163271756  0.06900581  0.24170515 -0.572573689 -0.33586323 -1.86676443
[21,] -0.684278756 -0.39223921  0.28742830  0.191067490  0.35825004 -2.86260643
[22,]  1.365303131 -0.32616160 -0.61974133  1.557538557  2.12211784  0.06655579
[23,]  0.759216770  1.08259132 -2.96329214  1.695852231 -0.37742266  0.31124933
[24,]  0.539247285  1.30352278 -0.22836937 -0.317749059  0.56694974  0.17537724
[25,] -0.697439133  0.13156827 -1.11046140  1.668845326  2.05147301  1.22938355
[26,]  0.277350108  0.18115097 -1.40603676  0.613273103 -1.23710170  0.26706732
[27,] -0.452598520 -1.20098561 -0.18044007  0.015668891  0.09541950 -1.00651055
[28,]  1.384464960 -0.39581128 -1.64404830 -1.130816743 -1.26064860  0.27488286
[29,] -0.204044552 -0.99689988 -0.66548034  0.458448059 -0.11509591  0.64821912
[30,] -0.013532086  0.77911147 -0.26654769  0.223837902 -0.99563299 -0.86092810
[31,]  0.130375409 -0.13449182  0.29118742  0.509601298  0.03078190  1.04284602
[32,]  1.295586141 -1.18203696  0.89658328  0.787490188  0.17195340 -0.25393351
[33,]  0.529026596 -0.37285492  0.40222978 -0.799883367 -1.55878003 -0.25035731
[34,]  0.381613736 -2.16772660  0.74245721  0.086386542  0.53633035 -0.12963249
[35,] -0.048121012 -0.03585315  0.39884540  1.004404270 -2.59834602  0.34085002
[36,] -0.277464709 -1.60270946  1.65091258 -0.192941631  0.70462541 -0.02377011
[37,]  0.729802187 -0.71184727 -0.40003759 -0.016432774 -0.07469836 -1.87773466
[38,]  0.260841587  0.27944681  0.63711786  1.112544630  0.52358695 -0.50320474
[39,]  1.144748674  1.45270161 -0.38384663 -1.246733271  0.44176445  0.92111316
[40,]  0.172850717 -0.33566110 -0.76002504 -0.546675338  0.99622784 -0.38255484
[41,]  0.732672682  0.26169235 -2.14952232  0.876401412  1.91491042 -0.03396099
[42,] -0.290742834  0.31135765 -0.09205528  0.796367196 -1.47798882 -0.91122361
[43,] -0.258131340 -0.56524887 -0.57362365  0.124243244  1.01217319 -0.28666815
[44,] -1.833848158  0.71181533  0.13203960  0.809438001  0.21745889 -0.21048138
[45,]  0.776547028  0.36290203  2.00303333 -0.509031357  0.02288397  0.08426973
[46,]  0.462593422  0.80226535  1.32702759 -1.529321626  1.05841292  0.05720499
[47,] -0.277634478  0.76675941 -0.40237091  0.385149010  0.07347116 -2.64754927
[48,] -1.686092352  0.51643234  1.12995220 -0.303495830  1.75861953 -1.24379082
[49,] -0.768394597 -1.48957379  1.46401751 -0.938479542  1.70243079 -0.56571734
[50,] -0.762447978  0.80032646  0.56795968  1.200222047 -0.70532349 -0.19878673
            [,59]       [,60]       [,61]       [,62]       [,63]       [,64]
 [1,]  1.12979672 -1.04454893 -0.40434627 -0.68104076 -0.59488655 -0.25958186
 [2,]  0.77598676 -0.19132454  1.69053719  3.56367892 -1.01618362 -0.80118883
 [3,] -0.42529859 -1.40111577  0.78728249 -0.51489674  0.59459195 -0.39643345
 [4,]  0.45493061  0.69199942  0.20426088  0.46477630 -0.93830362 -0.77637802
 [5,] -0.28307374  0.75992566  0.73782730  1.04761967  0.27585620  0.47569623
 [6,]  1.62083441 -0.56048617  0.60691977 -0.36666108  0.32533344  0.70541580
 [7,]  0.39262400 -0.14870831 -0.37261301  0.14001241 -0.04201167 -0.13779908
 [8,]  1.08276204 -1.72425911 -0.64536889 -1.07089605  0.19233130 -0.41319954
 [9,]  0.17730291 -1.86979377  0.30305400 -0.27005906 -0.25018559 -0.55508887
[10,]  0.73990057  0.21984155  0.95605299  1.03646949 -0.61494306 -0.13124886
[11,] -1.08476751  0.35792664  0.48850278  1.29700039 -1.25491689 -0.74910827
[12,]  0.79834487 -1.48372327 -0.34283898 -0.81288486  0.14377107 -0.70464270
[13,]  0.62723651 -0.02152269  0.37537541  0.66090870 -0.11747614 -0.79743095
[14,]  0.18090664 -0.58434760 -0.27651231  0.91920365 -0.06706105 -1.77585461
[15,] -0.95990846  0.79712900 -0.39980923  1.56830154  1.32389499 -0.50333625
[16,] -1.97000502 -0.63996498  1.23977922  0.27734846 -0.48834973 -0.05828953
[17,] -1.01193178 -0.15183770 -1.52844698  0.53031341 -1.42845515  0.15882529
[18,] -0.08685244  0.92816531 -0.07118676  0.29006147  0.55465005  2.70861064
[19,] -0.85186477  0.69564334 -0.65726158  0.80629364 -1.00625380  0.57633085
[20,]  0.91722562  0.66486326  0.83972584 -0.31188240  1.08554633 -1.26975780
[21,] -1.28865209  0.77450992 -0.14947750 -0.07888245 -0.72797058 -0.85743521
[22,]  1.01195593 -0.49399444  1.18071404 -1.64907715  0.44269956  0.64611291
[23,] -1.11921546  0.27747893  1.73396626 -0.04359383  0.41513269 -1.45328177
[24,]  0.98684837 -0.51962559  1.19545598 -1.00222359  0.99834292  1.78521895
[25,]  0.08931894  0.56748307 -0.50685440 -0.41554527 -2.01764224  0.28075801
[26,]  0.64804225 -1.12265552 -0.45561838  1.63079944 -1.92358670  1.12368514
[27,] -1.07446603  1.60841744  0.06554864 -2.11288892 -0.97379750  1.62522082
[28,]  0.60626925 -0.78109572 -0.13366754 -0.88257674  0.22239719  1.18186854
[29,]  0.20911711  1.57767427  1.73631553  0.57562212 -0.03804754 -2.07543894
[30,] -0.83502222  0.50427034 -0.06048412  0.04324226  2.48823239 -0.25011459
[31,] -0.73049211  0.83151383 -1.53799363 -0.23195397 -0.60725294  1.27653718
[32,]  0.66403559  0.94694606 -0.77706912 -0.02350137 -0.48579483 -1.08959473
[33,]  1.17729352 -0.50408931  0.70848348 -0.68426241 -1.40035458 -0.96245508
[34,] -1.63464967 -0.96763245  0.55391126  1.39691632 -1.74930629 -0.44249176
[35,]  0.21031594  0.63416161 -0.62949870 -1.10214707  1.30040588 -1.85641897
[36,] -0.59241644 -1.34221760  0.86291726  2.09195670  1.51773166  1.05877469
[37,] -0.54512418  0.07186658  0.68536916  0.07387180 -0.93501568 -1.97293213
[38,]  0.16253993 -1.18151711 -0.47144327 -2.37357506  0.14156151  0.27122705
[39,]  0.73028385  0.60567138 -0.28935484  1.05593221 -0.11972896  0.46087391
[40,] -0.16516851  1.27911196  1.21395885  0.18361469  1.97412584  0.53775376
[41,] -1.02014440  0.88685837  1.05001327  0.13729265 -1.57203799 -0.01378860
[42,] -1.05186989 -0.02837943  0.54415528  0.04864326 -0.85047107  0.55178793
[43,]  0.97633659  0.15251526 -0.43335732  2.02118819 -0.16919476  0.20500559
[44,]  0.82805255 -2.01987069  0.11061811 -0.11811293  0.26317238 -1.50939598
[45,] -1.65714366 -0.33357530  0.42069741 -1.38152304  1.23539268 -1.51306958
[46,]  0.20876472  0.17747581 -0.95476348 -0.44324951  0.96990979  0.22470092
[47,]  1.38370473  0.30636232  0.21908265  1.15177133 -2.54466380  0.12971603
[48,]  0.56052452  1.69822123  0.84424890 -1.36703383 -0.70962708 -1.90674727
[49,]  1.20295769 -0.56963141 -2.41266463  0.33348125 -1.02048346 -0.64585768
[50,] -0.21687458  0.95543464 -0.80609447 -1.38269563 -0.96537725  1.07357523
            [,65]       [,66]      [,67]        [,68]       [,69]        [,70]
 [1,]  0.22161187 -1.30493309  0.8635193  0.110283868 -0.69057097  1.195956079
 [2,]  0.07092287 -0.60144094  0.5527263 -1.303023374 -1.20511821  0.311166720
 [3,]  1.23525964 -1.57729190 -1.5009737  0.538325429 -1.32263271  1.137307882
 [4,]  0.62370958  0.18087487  1.1740897 -1.766449471  0.51635551 -0.998649211
 [5,] -1.21611160 -1.14641966  0.4132403 -1.611736565  0.19514456 -1.515762488
 [6,]  0.50804977 -2.93265847  0.3390261 -0.478037886 -2.42933735 -1.196394823
 [7,]  1.06184957 -0.24731261 -0.6574264  0.080399599 -2.42209953 -0.221380964
 [8,] -0.28097412 -0.75375807  0.1923295 -0.720228166  0.09155314  0.551725568
 [9,] -0.35913069  0.40730385  1.1144444 -0.884323245  0.10515513  0.775487643
[10,]  1.50637678  0.51463026 -0.0799153 -0.596580206 -1.30859284  0.005844163
[11,]  1.97723643 -1.68287382 -0.7539658  0.035817252 -0.41850817  0.675299644
[12,]  0.66631539  1.32187119  1.1147189  0.850191469 -1.09494861 -0.013851860
[13,] -2.08875400 -1.26018030  1.6146381  0.666857317  0.43714046 -0.192500116
[14,]  0.58664286  1.39421919  0.7890122 -0.573168214  0.03912843 -0.114623597
[15,] -0.39175098 -0.06797632 -1.0198330 -1.325568170 -0.41945487  0.155840139
[16,] -0.49261846 -0.33974253  1.8875291 -0.090618425  0.05438979 -0.054886046
[17,]  2.02990750 -0.11318277 -0.1027725 -1.132253160 -0.64237245 -1.288442127
[18,] -0.21624277 -1.34614820 -1.0715177 -1.263441376  0.64646711 -0.176982133
[19,] -0.59915372 -1.52473201 -0.6190139 -1.034303044 -0.31006043 -0.254816158
[20,] -0.67244212 -0.07273955 -0.2196705  0.358624252 -0.33740963 -0.871309241
[21,] -1.67996372  0.14904405  0.3784799  0.986798018 -0.31659570  1.055443327
[22,] -0.88910833  0.20047474  0.3216596 -0.954175096  1.69466093  1.096852031
[23,]  0.02660221  0.48241602 -0.5638942 -0.006254093 -0.15504088 -1.231352817
[24,] -1.48191619  0.96423206  0.2131888 -0.550265710 -0.31944796 -1.911528416
[25,]  0.05183498 -0.86285841  0.8186193  0.602449431 -1.22358841  1.030961472
[26,] -0.83369721  0.31633502 -1.7927215  1.483224550 -0.09356601 -0.592821112
[27,] -1.25191687 -2.06441696  0.3706869  0.579025294  2.31924601 -0.916581152
[28,]  0.07888716  1.36966035  1.3854272  0.326940769  0.40635139  0.145116089
[29,] -0.63546576  0.22163996  0.8507567 -0.405192554  0.63068915 -0.615326175
[30,]  1.52355182  1.09673489 -0.2862957 -0.704288486  0.21238879 -0.752730188
[31,] -0.56551367  0.03274687 -1.5634751 -1.197977924 -0.65227611  0.595226090
[32,]  0.88757925 -1.50131723  1.0444694 -2.393921452 -1.56949790 -0.715314684
[33,]  1.12165137 -0.52972518  0.8197861 -0.435949400 -0.99063353  2.418910142
[34,] -0.90815827 -0.87135444  1.1670770  0.096820603  1.49371997 -0.473004638
[35,]  0.15493650  0.80970571 -1.1176228  0.853868172 -0.74732248 -0.073808026
[36,]  2.11376710  0.55700959  0.3425831  0.200408863 -0.28264437  0.012698615
[37,]  1.30940598  0.16445892  0.2244746 -0.684232902  1.27400560  0.399680436
[38,]  0.15993795  0.89201683 -0.3345948 -0.463991861 -1.39706858 -1.077818654
[39,] -0.53836046  0.65011618  1.3446246  1.797714735  0.03224446 -1.059827641
[40,]  0.64325333 -0.77837856 -1.3213510  0.445289015 -1.14388928  1.217440168
[41,]  1.35769128 -0.26854383 -1.2572643  1.681815070 -0.09676486 -1.179396684
[42,] -0.01360355 -0.50882014 -1.4504213 -0.330688612 -0.70453919  0.343978874
[43,] -0.15115327 -1.89659718 -0.7427294 -1.300203645  0.20079634 -0.597353951
[44,] -0.98333675  0.43059452 -0.5541328 -0.343450106 -0.93258042 -0.776085041
[45,] -0.14284346  2.12380038 -0.4710448  0.326944026 -0.12926659 -0.491012363
[46,] -0.31347074 -0.82150196 -1.4944999 -1.877655401 -1.40749343 -0.809913354
[47,]  0.03820501  0.68824183  0.1391072 -0.136170910 -0.62641126 -0.747718018
[48,]  1.60988010  1.68598157 -1.2909265 -1.011301731  0.87767594  0.122363513
[49,] -1.72594328 -0.08782136 -0.4184037  1.048823246  0.54957121 -0.885931477
[50,]  0.45538747  0.78153918 -1.7261854  1.832627992  2.30672208 -0.631743975
            [,71]       [,72]       [,73]       [,74]       [,75]       [,76]
 [1,] -0.19214076  1.68172834 -0.86681631 -0.02083660  0.52450109 -0.27531880
 [2,]  0.63471427 -0.11206573  1.40854458  0.37463254  0.69995527  0.26841093
 [3,] -3.74143131 -0.67148727  0.23059825  2.65047316 -1.06762329  0.36497121
 [4,]  2.50437310 -1.13182362  0.17034865  1.49589432 -1.84748607 -0.33981899
 [5,] -0.17869742 -0.32382071  0.14701741  0.18395403 -0.25573987 -1.07575706
 [6,]  0.45827769 -0.71271450  0.69890386 -1.28873552 -0.17558265  0.27613099
 [7,] -0.26668899  0.15208131  0.24772916  0.71587223 -1.20942110 -0.60198579
 [8,]  0.51936869 -0.73793271 -0.96453207 -0.33511895 -0.06537979 -1.23512800
 [9,]  2.22522019 -0.18522476 -2.41201101  0.61330333  0.33097769 -0.86509561
[10,] -1.31974291 -0.14361814  1.80123446 -0.36593461  0.18194170  0.14205839
[11,] -1.26392695  0.46685469  0.90570739  1.44785991 -0.62733049  0.12555280
[12,]  1.22816939 -1.58460421  0.24543398 -0.34839165  1.43397665 -0.40642747
[13,] -0.26913918  0.74712354  1.19270116 -0.72113550 -0.97839327  0.92294091
[14,] -1.70289630  1.02842516 -0.33829058 -0.55345104 -0.80425881  0.05012327
[15,] -0.37205650  0.28432152 -2.32061829 -0.82085812  0.17322731  0.45424596
[16,] -0.52248386  0.01774482 -1.02607603  2.16312793  0.02152441  1.03516144
[17,] -0.55642039  0.19774509  0.32101816 -0.23294685 -1.40500412  0.18693663
[18,]  0.36028089 -1.09460608  0.88271263 -1.24289580  1.62014272  2.95027076
[19,] -0.14353191 -0.98214251  1.01604202 -0.22047274  0.07820127  0.60834294
[20,] -0.30047214  1.35516633  0.01818078  0.70031533  1.76031449  0.54015754
[21,]  0.17192813 -2.24390036 -0.44824640 -0.50918465 -0.79352717 -0.63125639
[22,]  1.96738878 -0.08200087 -0.73135306  0.65778883  0.55532835 -0.27591251
[23,] -0.95564781 -0.59528563  1.82008562  1.96383294  2.12449644  0.46559288
[24,]  1.38920684 -0.24949311  1.16531850 -1.24878530  0.95541880  2.36275549
[25,]  1.54580107 -0.39605950 -0.79707145  0.56546619 -0.80677688 -0.12315402
[26,] -0.39173951  0.80054991 -0.33310621  1.23274107  0.33183938 -0.82559717
[27,]  1.37108942 -1.29111297 -1.47810127  1.92061297  1.10467537  0.36853725
[28,] -1.94862663 -1.20941943  0.67777450 -0.26140334 -0.61948934  0.37680239
[29,] -0.69181511  0.25272075 -2.17262099  0.03302667  1.82766474 -0.66136050
[30,] -0.39979215 -2.92498978 -0.51856180 -0.26899652 -0.59109823  0.54512146
[31,] -0.86098980 -0.44418911  0.33921652 -1.27538357  0.47230165 -0.91969546
[32,]  0.41717180 -0.38534552 -1.75734990  0.27846478 -0.23283215 -0.70106128
[33,]  0.22711756 -2.06716779  0.00183047  0.21325272 -0.67228777  1.48350745
[34,] -1.48864825  1.01229864 -0.55198951  0.54724414  0.90709725  0.78345108
[35,]  0.03318159 -0.33072248 -0.39338952  0.51544598 -1.88205814 -0.42255544
[36,] -1.20655390  0.42614835 -1.53652608  0.69451888  1.05977226  0.40244069
[37,]  0.29060886 -0.42433751 -0.75394527  1.89343069  0.51460184  0.21975154
[38,] -0.56976043 -1.06373851  1.05246433  0.03461219 -0.27891948  0.68525893
[39,]  0.05805982 -0.15489713 -1.61757937 -0.22265734 -1.75717861  0.32573799
[40,] -0.94791409  0.45969103 -0.47686830  3.12367617  2.19424549  0.39705743
[41,]  0.09443505 -0.49147857 -1.24151468  1.02928644 -0.13186023  0.80191150
[42,] -1.09603774  0.61057269  1.95171556 -1.68296700  0.90872496 -1.57189286
[43,]  0.78988949 -0.23987255  1.43081880 -0.37212607  0.36962264  0.78239408
[44,] -1.07076011  0.21534500 -1.84728133 -0.20250869 -0.17035063  0.02847720
[45,] -0.53270790 -1.78275875 -0.49641997 -1.36751160 -1.98768219  0.75337905
[46,]  0.69369536 -1.12672605 -0.88958568 -2.22211305 -0.79049371 -0.05423485
[47,]  0.63004692 -1.30032088  1.27907904 -0.07736308  0.25052837  2.48995895
[48,]  2.12584044 -1.21179640  0.35187653 -2.39049638  0.49657713 -1.59796506
[49,]  0.15023252  1.90540265 -0.44419356 -0.56451356  0.87217571  0.95871340
[50,]  0.40641235 -0.19925446  0.20196080 -0.23846293  0.54633270  1.17477533
            [,77]        [,78]       [,79]       [,80]       [,81]       [,82]
 [1,] -0.17963758  0.322985718  0.27450394  0.27165976 -0.54823355  0.58881390
 [2,] -0.02831878 -0.758347352  0.63371624  1.26164990 -0.33770274 -1.19520397
 [3,]  0.82314172  0.174175421 -1.27560822  0.83755839  0.10154978  1.39810811
 [4,] -0.30786384  0.770958069  0.36820708  0.80179486  0.13347297 -0.19844137
 [5,]  0.58518809 -1.275776390 -0.54756371 -1.69776493 -1.42896356 -1.28666504
 [6,] -0.09902944  1.524197214  0.57982147  0.76316382  0.15812473 -1.52397920
 [7,]  0.27816652 -0.649340313 -1.08099978 -1.52897405  1.17461145  0.97446193
 [8,] -0.43357764 -0.535814947 -2.42052064 -0.41672635 -1.86317122 -0.77984368
 [9,]  0.33339256  0.209523373  1.01220758  0.40428920  0.16269039 -0.41165790
[10,] -0.82446881  1.058308391 -0.54756521 -0.08801261  0.50342153 -0.52710585
[11,]  0.46983998  0.302695421  0.95817464 -0.77266185 -0.14651998 -0.50550032
[12,]  0.11213448  1.088412686  1.86370630  1.44300947 -1.38712301 -0.03624310
[13,]  0.33220831 -0.017582311 -0.13867664 -0.19245664 -0.80920177 -0.24872976
[14,]  0.09478160 -0.205396823  0.18219520  0.22703537 -0.61909563  0.06466849
[15,] -0.16702860 -0.877641269  0.72307860  0.92066057 -0.05631161 -1.86566609
[16,]  0.77705831  1.434066755 -0.22774506  1.41874054  0.72702959 -1.28745657
[17,]  0.72941674  2.104580231 -0.96105730 -1.09110527 -2.31053291 -0.30166608
[18,]  1.82793368  1.332810128  1.90523044  1.67994076  1.19229826  0.08905195
[19,]  0.10862857  0.518770536 -0.56758259 -1.06748326 -0.70461186 -1.03511424
[20,]  1.85273207 -0.359257328 -1.14776615  0.36556872  1.40928614  1.26012545
[21,]  0.56003174 -0.931681673  2.46966517  0.53554557  0.95988149  0.79544933
[22,] -1.35105094 -0.910100126  0.28144304 -0.48759562 -0.89435454  0.13224834
[23,]  1.27110678 -1.066838155 -0.97584019  0.94426008  1.17837598  0.81724973
[24,]  1.69982759  0.416777123  0.10401346  0.70004650 -0.69130308 -0.46125150
[25,] -1.03932328 -1.166440327 -0.92362413 -0.41300970 -0.20601121  0.89972948
[26,] -1.01290536  1.481509122  1.28586734 -0.54870476  0.60928295  0.02935350
[27,]  0.59646388  1.791198429  0.53642024  1.70870788  0.45190081 -1.03850030
[28,] -0.39452651  2.044979274 -0.46634475 -0.72439922 -0.24630709 -0.73644901
[29,] -0.43429557  0.892953804  0.02685032  0.61239253  0.17778872  0.87469786
[30,]  1.44175729 -0.665370853  0.21281779 -0.35729464  0.07605108 -0.61240901
[31,]  0.77502992 -0.983995338 -1.14123315 -0.11053596 -1.10780906  0.62398742
[32,]  0.69793616 -0.097004898  0.24323848 -0.81993839 -1.36746274  0.56630358
[33,] -0.36694837 -1.230752696  0.72630591 -0.76663887 -0.67926882 -0.44165103
[34,] -1.48771501  0.530263976 -0.28430895 -0.52382881 -0.14881252 -0.45797162
[35,]  0.58506645  0.458458035 -0.66004653  0.18619957 -0.63027132 -1.03163931
[36,] -0.71399150  0.067089789 -0.11775677 -1.28059222  1.31901680 -0.08801236
[37,] -1.29268369 -1.964436749  0.80174848 -0.36064676  1.31105817  0.61693388
[38,] -0.77931046 -1.120602406 -1.89899355  0.52887350  1.73233692 -0.80629240
[39,] -2.29531535  0.099457299 -0.41071352  2.04136041  0.36235033 -1.43884246
[40,]  0.37188307 -0.002608047  0.38087517 -0.83116610 -1.17867526  0.91657817
[41,] -1.80189210 -0.060463317 -2.03634271  1.84874603  0.24956965 -0.55386954
[42,]  0.08142026 -2.058019219  1.91439053 -0.44015351 -1.39009072  1.08489736
[43,] -0.07515442  0.929199911 -2.17500279 -0.42451673 -1.48881067 -1.51643232
[44,]  0.50381202 -0.956060168 -0.80148131 -0.26553886  0.41600774  0.96903020
[45,]  0.53722534  0.092089465 -0.24982108 -0.20911976 -0.63046356  0.33905760
[46,]  0.52788017 -0.806263413  0.26521740 -0.36979061 -2.15482199  0.96946643
[47,]  2.46636035  0.164296105 -0.41990855 -0.61296431 -0.25163926  0.26964540
[48,]  1.20111119 -0.175033513  0.07682488 -2.43154711  1.78280343  0.64046820
[49,]  1.92994781  0.670188686 -0.65711436  1.01906996 -0.02209979 -0.92506796
[50,]  0.85356950  2.446478982  1.13461255 -1.09411814  0.05594779 -0.15436000
           [,83]       [,84]       [,85]        [,86]       [,87]       [,88]
 [1,]  0.7310548 -0.49735035  0.10024736 -0.111982339 -1.18585865 -2.04850082
 [2,] -0.6144795  0.81674383 -0.66547045  1.165879716  0.09959579 -0.66189574
 [3,]  0.8687203  1.34486623  0.96403517  1.756177167  2.35234517  0.53869680
 [4,] -1.2674337  1.00705495  0.11594998  0.306863221  1.00258870  0.30641409
 [5,]  2.3886351 -0.26000627 -0.42681377 -1.540593935  0.14826302 -0.17784752
 [6,]  1.0716227 -0.06974309  0.95462594  0.625913628  0.13390567 -1.48002868
 [7,] -1.6372307  0.31145176 -0.33278540 -0.775426999 -1.03087445 -0.30385134
 [8,] -0.4863445 -0.32237870 -1.00532004  0.071414093 -0.24988455 -0.06706666
 [9,] -0.3705775  0.70719485 -0.03376141  0.365280859 -1.71245298  0.03211638
[10,] -0.4755920 -0.10648616 -0.08287223  0.279117497 -0.28101739 -0.95280978
[11,]  1.3979859  0.40416567 -0.55551099  0.559824726 -0.31517171 -0.97142678
[12,]  0.7658882 -1.80639846  0.30128950  0.832119274 -0.86448045  1.35621704
[13,]  0.6871883  2.47397972 -1.23254094  1.557495903 -0.07580561  0.05467789
[14,]  0.2426770 -0.08093680 -0.72151585  2.379442676  0.47074582 -0.24470890
[15,] -0.4207901 -0.08931558  0.06512279 -0.535213419 -0.65282751  1.10668062
[16,] -0.5038238  0.56546403 -1.40262526  0.423187129 -0.94041440 -1.84945175
[17,]  0.5342307 -0.01969483 -0.49517725  0.477803039 -0.20782036  1.26427002
[18,] -0.7621308  0.58412473  0.09690708  0.193476322  0.71893659 -0.28587844
[19,]  0.7525566 -0.34299531  0.23516972 -0.082617139  0.62046883 -0.43821321
[20,]  0.2458455  2.00615639  0.91319396 -0.006285179 -0.56500848 -0.32975499
[21,]  0.7676507  1.37035949  0.25413604  0.604725591  0.55809058 -0.68818449
[22,]  1.1289216  1.64917257 -0.46641149  0.531172782  1.37344484  1.50785632
[23,]  0.0198922  0.25297458 -0.30214095  0.308387052  1.12215232 -0.41310725
[24,] -0.2096366 -0.14353598 -0.35761073  1.563968050 -1.27172195 -0.26191808
[25,] -1.5623171  0.98635640  0.40259951  0.794698497  0.60964664 -1.14933461
[26,]  2.2855638 -0.65098541  0.14628290 -0.270421743  1.27369476 -0.66581425
[27,]  1.5969730  0.59922537  0.39228359 -0.138134429 -1.93702907  1.61610869
[28,] -1.0726743 -0.68493065 -1.81265278  0.260746909 -0.98349667 -0.57448834
[29,]  0.1103049  1.16787539 -0.59279383 -1.132956893  1.21264317  0.61853945
[30,]  0.5271054  1.20159325 -1.53420648 -0.653699612  0.38037443 -0.51172505
[31,] -1.2893126  0.50602527  0.41753875 -0.816370461 -0.96791693 -1.79670127
[32,] -0.1200520  0.23742512  1.66950183 -1.213461432  1.33277294  1.46474379
[33,] -2.8175598  1.18692891  0.79263613  1.352042793 -0.42008173  0.58125230
[34,] -0.0638714 -0.70792907  0.26333527 -0.210731300  1.61370289  1.03916535
[35,] -0.3669224 -2.01112550  0.72245286  1.311890417  0.44094254 -1.80858614
[36,] -0.7701351  1.01309007  0.11056984  2.112727539 -0.71572618 -0.73900297
[37,] -0.2525019  2.21653278  0.17164891 -0.248938542 -1.70899883 -0.15579726
[38,] -0.7838859  0.21581701 -0.67740005  0.431885078  1.28951254 -1.38154930
[39,] -0.9403477  2.71277463  2.70865678  1.603213879  0.85874861 -1.01370567
[40,] -0.6748912 -1.39000331 -0.02303541 -0.278459744  0.93764322  0.42556046
[41,] -0.1607168 -1.53527661  0.46192866  0.059695582 -1.12853246 -0.26082280
[42,] -0.7048630 -0.72232884  0.18695989 -0.282420301 -1.06156315  0.92524104
[43,]  0.6957085  1.18978291 -0.23986308 -0.941279640 -1.75786762 -0.45319973
[44,]  0.5335805 -0.54549845  0.24544210 -1.394176361  2.94966217 -0.60811998
[45,]  0.4698801  0.51007533 -0.82893146 -0.336128537 -0.22955242 -0.12983441
[46,] -0.6935270  1.06324124 -1.57359885 -0.737730522  1.19398425 -1.21197129
[47,]  3.4194789 -0.40780100 -0.18353051 -0.563799555  1.94928319 -0.12734893
[48,]  0.1547104  1.45268153 -1.02972714 -0.254300981 -0.02141002 -0.94147261
[49,]  0.3460237 -0.01678521  0.28662393  1.955410670 -1.21580412  1.14482750
[50,]  0.8799011  0.31246876 -0.75781647 -0.392222389  1.02002155  0.97898249
            [,89]       [,90]       [,91]       [,92]        [,93]        [,94]
 [1,]  0.77981050 -0.74394878 -1.59940500  1.12109192 -0.192747640  0.424141922
 [2,]  0.86908933 -1.13733637  0.21223086  0.32387326  0.213105341 -0.566701510
 [3,]  0.52598525  0.75695597  0.01424737 -1.01104895 -0.696071788 -0.008035004
 [4,]  0.51756657  1.15008271 -0.13916583 -0.72741143 -1.319394201 -0.491392386
 [5,] -0.38381613  0.24474008  0.40213261 -0.57012175  1.077057585  1.318800286
 [6,]  0.40070117  0.38463924  1.08302325 -0.19722383 -0.057443507 -0.337417450
 [7,] -1.44227017  0.95698352  0.73143140 -0.80521300  0.323382363 -0.872334406
 [8,] -0.12468467  1.41664799  0.48747325 -0.33515063  2.047544348 -0.463531979
 [9,]  0.48565676  2.55064160 -0.06230164 -0.13836533  0.779647245  0.170732885
[10,] -0.49899813  0.47169981 -0.25158397  1.30633890  1.940977145  1.935417323
[11,]  0.10799764 -0.57949072  0.11612522  0.56310365  0.038010492 -2.222474926
[12,] -0.57738609  0.40261128  1.40609080  1.32908224 -0.296494210 -0.207472251
[13,] -0.27652750  0.24318318 -0.63562213  0.46574476 -0.710068775  0.011343862
[14,] -1.08332867 -0.21058798 -0.19855145 -0.91714122  0.664464406  0.745840132
[15,]  0.87451978  0.78217963  1.36997606 -0.51885406  0.157761842 -0.270957720
[16,] -0.17545543 -0.29501611 -0.22874618  0.18900129  0.005177704  1.012185159
[17,] -0.67921860 -0.97844445 -0.52198627  0.86468831 -0.267268045 -1.132046887
[18,]  0.60768758 -0.50886851  1.39172630 -0.57312765  1.211599519 -1.239995417
[19,]  0.20865551  0.47352648 -1.07415907 -0.15913015  0.285379905  0.001573556
[20,]  0.02878145  1.69120410 -0.63892441  0.59893280  0.248483131 -1.891817400
[21,] -1.06767642  1.16410852  1.66480116  0.52424662  0.080717965  0.171777268
[22,]  1.06861156  0.73609820 -0.34903056 -0.11058874  0.196142506  1.648554770
[23,] -1.15333151  1.08415753 -0.87475592  0.65313260  0.708508280 -1.664361689
[24,]  0.25205942  1.12081002  1.17211744 -1.05548022 -0.434147306  1.029968160
[25,] -0.13493094  0.49526346  0.04494678 -1.98217305  0.014715173 -1.387048214
[26,] -0.31740433  1.36049244  0.64256602 -0.67332592  1.653405546  0.438021875
[27,] -0.10647703  0.30370811 -0.35965273 -0.79922352  1.561919701  2.679797537
[28,]  1.46754340  0.69875492 -0.36663677  0.06887701 -0.356036013  0.912894144
[29,] -0.45587331 -0.74505501  0.13464640 -1.68786929  0.390485660  1.742192939
[30,] -0.88067045  0.31189511  0.32339061  1.44648958  0.123690787  0.466196006
[31,] -0.19585636 -0.18620264  1.47192921 -1.09978443 -1.512040387  0.351677863
[32,] -0.38123593 -0.33273307 -0.42424641 -0.73773866  0.134634373  1.986289633
[33,] -0.38206255 -2.10200463  0.65991956  0.45212287  0.797418605 -0.025136134
[34,]  0.64348029 -0.83707228  1.22690587 -1.57709050 -0.808227303 -0.469158920
[35,] -0.06441496  1.30728258 -1.18695650  0.61270786 -0.769977619  1.685844922
[36,]  1.79937730 -1.37787074  1.23666048  0.53590462  1.306027977  0.041115653
[37,] -1.27048403 -0.23651209 -0.94500958  0.97088631 -0.438127600 -0.852654707
[38,]  1.04724654  0.47625064 -1.80868033 -0.14661494  1.212328677  0.249110607
[39,]  0.63367743  0.81580392 -0.63162503  0.66578139  0.449472936 -0.031563839
[40,]  0.04917306 -0.40977852  1.56358054  0.10977206  1.609880018 -0.520253369
[41,] -0.89215452  1.64878226 -0.08483218  0.88413482 -0.973177637 -0.503429539
[42,] -0.13736893 -0.07200954  1.47543163 -1.79927164 -0.799144458 -1.094779949
[43,]  1.60559843 -0.45010126  0.28527111 -0.06087085  1.391497209  0.622213732
[44,]  1.49178425 -0.92591577 -0.25564129 -0.22095303  1.018119597  2.877885789
[45,]  1.04562499  0.68322061  0.67074191  0.05493224  0.205825424  0.413604052
[46,]  1.69514379 -0.44491810  1.33484531 -0.69690292 -2.918236259 -1.611653911
[47,] -1.47136843 -0.56583149  0.81649076 -1.21310742  0.192503809  2.373785302
[48,] -0.35408006  1.16052182 -1.03293512  0.43187329  0.545273975 -0.293521065
[49,]  0.11314004  1.28835528  0.27340785  0.22565968  1.045460820 -2.125173603
[50,]  1.13119186 -0.56477951  0.52912303 -0.52641557 -1.137385625 -0.079280736
            [,95]        [,96]       [,97]       [,98]       [,99]      [,100]
 [1,]  0.69996371  0.160466482 -0.49273654 -2.38774458 -1.52540702  0.79953515
 [2,]  0.22296732 -0.550128174  2.45726617 -1.20473894 -0.37285802 -0.57915577
 [3,]  0.42942183 -1.697914901  1.41361439 -0.67945673 -0.99615526 -0.24174083
 [4,]  0.04656342 -1.236869589  2.35933569  0.97804874  0.39332068  0.03903958
 [5,] -1.05360658 -1.806153996  1.11475816  0.53366431 -0.30175048 -1.04996690
 [6,]  0.27560619 -0.390943602  0.88370799 -1.67836165 -0.24927910 -0.11513693
 [7,] -0.98024073 -1.566742345 -0.52097136  1.64792452 -0.72395956  0.62161780
 [8,]  0.64145439 -0.915353758 -0.32458790  0.19429929 -0.02356135 -1.32297127
 [9,] -0.38423733 -1.226661557 -0.48167017 -0.01403814 -0.03876631  0.94566960
[10,] -1.44592874  0.025790646 -0.50139648 -0.17133048 -0.79400919  0.02959895
[11,] -0.02554479 -0.837207938 -3.53431539  0.47666862  0.52324866 -0.97259680
[12,]  1.29804145  1.894392810  0.41844685  1.34475444 -1.81650308  0.42536170
[13,]  0.37636092  1.233641554  0.23855289  0.79914603  0.24081349  0.89620454
[14,] -0.56648497  1.386591220 -0.55809376  0.95782664 -1.13133687  0.18019936
[15,] -0.38638363 -0.080318383  0.74774297 -1.32884495 -2.93806938  0.15039826
[16,]  0.56987533 -0.416636825 -0.23356117  0.43551354 -1.87581217  0.34438216
[17,]  1.06149855  1.255184576  1.45487546 -0.82231543 -0.64280834  0.72279188
[18,] -1.07785976 -0.849527851 -0.20341916  1.08817100 -2.42117050  0.48290990
[19,]  0.21703470 -0.243936377  1.04732557 -0.37594248  0.29861585 -0.58186430
[20,]  0.18625863  0.967334968 -0.42263391 -0.78335863 -1.02679884 -0.26003466
[21,]  0.18942266 -0.007547146  1.14335492 -0.59126329 -1.00318228 -0.26703429
[22,]  0.75706305 -1.156617706 -1.62922937 -1.21630838 -0.88178654 -0.92922959
[23,] -0.12812859 -0.030847668  0.40432610  1.76247982 -1.63894771 -0.75943990
[24,]  0.39379819  0.307725233  0.25489914 -0.82709215 -1.10130943 -0.82880709
[25,]  0.42622558  0.604280495  0.57937809 -1.28932400 -0.23981753 -0.66290941
[26,]  1.45646734  0.181793019 -0.84482920  1.55581458  1.23149449 -1.67248036
[27,]  0.99801186  0.985779609  1.33148529 -0.74148904 -0.86304885  1.12411574
[28,]  0.32443466 -1.717288174  0.59839293  1.09343175  1.27279670 -0.32180114
[29,] -0.12885078 -0.379601014  0.39906571  0.51187783  2.59958762  0.39911972
[30,] -0.73810850  1.647531743  0.77704914 -0.59600912  0.35028711  1.14430540
[31,] -0.54144635  0.827419103 -1.34157440  0.06480922  0.48232083  0.09057202
[32,] -0.62031311  1.481002917  0.43054683  0.15194653 -0.38692645  0.24842010
[33,]  1.01354756  0.328877079  0.77728664  1.22200051  1.04884851  0.17952088
[34,] -1.03273943 -4.076208430  0.27910956  1.19790967 -1.33032100  2.75589316
[35,]  0.63996897  0.156124354 -0.21650391 -1.10820453  0.02015942  1.99806540
[36,]  0.41086079  0.293092882 -0.15451567  0.60760057 -1.90659605  0.60010287
[37,] -0.86219143 -0.664900599 -0.48703602 -0.86963285 -0.10152050  0.83575799
[38,] -0.54799374 -0.320515124  0.46768156 -0.94216871 -1.08684289 -0.92078487
[39,] -1.31390752 -2.088097110 -0.69352787 -0.41856587  0.44404693 -1.10654477
[40,]  0.25191809 -0.718852868 -0.08491804  0.09212248 -1.23741244 -0.31745442
[41,] -0.16958022  0.456295514  0.64293334 -0.07248645 -0.25807550 -0.66188743
[42,]  0.63272772  1.056943941 -2.68895674  0.93259229  1.54073417 -1.06590068
[43,] -0.42474075 -1.941193688  0.96257574 -1.43997062 -0.18687039 -0.19391769
[44,] -0.35997976  1.575962207 -0.86650722 -2.04852544  0.97329611 -0.54906177
[45,]  0.02899731  1.697436484 -0.70954462  0.32405551 -2.49184197 -0.44242434
[46,] -0.99958400 -0.090134771  0.88487768  0.29523786 -0.57156684  2.00572770
[47,] -2.67674863 -0.196677259 -1.47974587  0.26989154 -0.25593670  1.21303423
[48,]  0.85149732 -0.111142812  0.49095912 -1.66426160  0.90573570  1.58622913
[49,]  0.01177464 -0.649073032  1.50282091  0.35745766 -1.67484413  0.37043354
[50,] -0.29495788  0.053167793  2.06129312 -1.67730833  0.08706937 -1.01658211
> dim(x))
Error: inesperado ')' in "dim(x))"
> dim(x)
[1]  50 100
> n <- 100                            
  m <- 50                             
  u <- runif(n)                       
  t <- runif(m)                       
  b <- function(x) x^3                
  g <- function(x) sin(x)             
  x <- matrix(rnorm(n * m), ncol = n) 
  y <- x %*% b(t) + g(u) + rnorm(n)   
n <- 100                            
>   m <- 50                             
>   u <- runif(n)                       
>   t <- runif(m)                       
>   b <- function(x) x^3                
>   g <- function(x) sin(x)             
>   x <- matrix(rnorm(n * m), ncol = n) 
>   y <- x %*% b(t) + g(u) + rnorm(n)   

Error in x %*% b(t) : argumentos no compatibles
> length(b)
[1] 1
> t
 [1] 0.03093083 0.04623169 0.63866770 0.83160480 0.60826401 0.83555803
 [7] 0.61589119 0.42036659 0.99091429 0.69984438 0.62726755 0.90007392
[13] 0.31740127 0.65334659 0.40616326 0.71172795 0.79762066 0.20044292
[19] 0.43596149 0.75458298 0.37320676 0.61650243 0.77012638 0.12100397
[25] 0.11712099 0.54037022 0.75535544 0.28553432 0.04902314 0.51344022
[31] 0.81523359 0.35264299 0.88247152 0.81272171 0.99374241 0.31396028
[37] 0.21771370 0.52806672 0.80803567 0.10335331 0.81468969 0.68023109
[43] 0.54262776 0.89037426 0.20866587 0.16874705 0.70547913 0.71597196
[49] 0.29089487 0.85217804
> b
function(x) x^3
> b(t))
Error: inesperado ')' in "b(t))"
> b(t)
 [1] 2.959204e-05 9.881421e-05 2.605103e-01 5.751101e-01 2.250486e-01
 [6] 5.833509e-01 2.336211e-01 7.428217e-02 9.729898e-01 3.427713e-01
[11] 2.468076e-01 7.291796e-01 3.197614e-02 2.788887e-01 6.700418e-02
[16] 3.605305e-01 5.074452e-01 8.053269e-03 8.285990e-02 4.296561e-01
[21] 5.198146e-02 2.343173e-01 4.567578e-01 1.771735e-03 1.606587e-03
[26] 1.577881e-01 4.309770e-01 2.327957e-02 1.178158e-04 1.353536e-01
[31] 5.418090e-01 4.385365e-02 6.872300e-01 5.368162e-01 9.813445e-01
[36] 3.094740e-02 1.031947e-02 1.472538e-01 5.275840e-01 1.104010e-03
[41] 5.407253e-01 3.147527e-01 1.597740e-01 7.058587e-01 9.085613e-03
[46] 4.805168e-03 3.511175e-01 3.670186e-01 2.461547e-02 6.188580e-01
> x
             [,1]        [,2]         [,3]        [,4]         [,5]
 [1,] -0.45563355 -1.76706590  1.806307179 -1.67139316 -0.986229558
 [2,] -2.18896740  0.71649825  0.941997966  1.17120692 -0.322458848
 [3,] -0.04781212  0.80167210  0.554841960 -1.57979924  0.490911885
 [4,]  1.26674795  0.46594638 -1.691203425 -0.56877637  0.280295735
 [5,]  0.32653638 -0.87565218 -0.336622286  0.97475187  0.534260328
 [6,] -1.31120502 -0.46562996 -1.036989847  0.71887579 -0.393640760
 [7,]  1.63160086  0.83108991 -0.515604087  0.44654528 -0.951875042
 [8,] -2.16683754 -0.33657073 -0.008024241  0.47108926  1.409978172
 [9,] -0.23108900  0.27772061 -1.550198911 -1.84522506  0.034739296
[10,]  0.14606237 -0.51089766  1.102319171  0.88491114  0.272426471
[11,] -0.70466178 -1.76143335  0.034241222  0.03979691  0.648107216
[12,] -0.61722782  1.16657794 -0.848775897  1.35827848  1.295971614
[13,] -0.99692638 -1.62372285  0.631766713 -0.51300516 -0.055151208
[14,] -1.73528888 -1.95642169  0.169529440 -0.66916502 -0.536447064
[15,]  0.56408902  1.88052990  0.342617202  0.45459562 -0.574568909
[16,]  0.77437517  0.37570654  1.597511169  0.52802660 -1.609251635
[17,]  0.18456122 -0.09615415  1.687170702 -1.26020361  0.940230226
[18,] -0.23585040  1.00814729 -0.679771528  2.30321593 -0.287182455
[19,] -1.03258471 -0.76883673 -2.328125903 -1.13768227 -0.966207593
[20,]  0.01508581  0.71308434 -0.076638791  0.10769167  0.338500264
[21,]  0.80246723  0.58048636 -0.832772724 -1.77100292  1.102786937
[22,]  0.89732102 -1.00445496 -0.639430268 -0.05235245 -0.673780018
[23,] -0.14074020 -1.90800893  0.749270343 -0.59521163  0.346243806
[24,] -1.21542695 -0.08152953  0.471538428 -1.28242642  1.575220362
[25,] -0.17480530 -1.50268043 -0.395741263  0.35819679 -0.259051486
[26,]  0.30207518 -0.86178022  0.720735050 -1.24822959 -0.746945172
[27,] -0.43264581 -1.72092301 -1.427949628  0.32444941 -0.387423422
[28,] -0.69660899  0.95681256  1.659904367 -2.24626325  1.024556290
[29,] -2.60431117  1.43908247 -0.309837326  0.81213219 -0.009408036
[30,] -0.92726055 -0.03581010 -2.675894085  1.04834949  0.566041448
[31,]  0.84156457 -0.53635005  0.988564361  0.77565290  1.331710997
[32,] -0.72093528 -0.25908671 -1.187989907 -0.15656343  1.572455688
[33,]  0.44862915 -1.98154721 -0.895700163 -0.61891586 -0.980219477
[34,] -0.37471876 -1.66494280  0.257510741 -0.59599173  0.665597310
[35,] -1.88276839 -0.59953600 -1.990844139  0.12146958 -1.126021173
[36,] -0.25941318 -0.34290593 -0.590042721 -1.38925742 -1.150440019
[37,]  0.81082567  0.30307795  0.661515995 -0.85590181 -0.823708076
[38,]  0.80281700 -0.65596853 -0.714299298 -1.33273414  0.091538474
[39,] -0.22214576  0.76100568 -0.929646598  1.78805131 -1.382292697
[40,]  0.45448711  0.08560007 -0.293810661 -2.77256649  0.542149982
[41,]  0.55879002 -0.45101383 -0.822784289 -1.32999738  0.269180220
[42,]  0.48446066 -0.65309930  1.158177426  0.64043655  0.946875193
[43,] -0.30048488 -3.13199628 -0.070088856  0.71811072  1.043105374
[44,] -0.81378837  1.49086640 -0.570383217  0.52000113  1.548616398
[45,] -0.19894251 -1.38985586 -0.631541360 -0.21010962  0.403410615
[46,] -0.30742488 -0.31310632  0.037396698 -0.44754441 -0.008233576
[47,] -1.57826900  0.66681703 -0.672065425  1.70320654 -1.823164360
[48,]  0.44482761  1.31542235 -0.851791665 -0.59415480 -0.952002729
[49,]  0.74916348 -1.59682723 -0.029252416 -1.29628111 -0.404171183
[50,] -1.31412412 -0.19164461 -1.354200441 -0.20459632  0.439569257
              [,6]        [,7]         [,8]        [,9]       [,10]       [,11]
 [1,] -0.940766177  0.39194865 -0.371908871 -0.75038381  0.45186693 -0.55028822
 [2,]  0.369432354  0.84708068 -0.014200170  0.74686750  1.22223451 -1.66710342
 [3,] -0.597461104 -0.86533891 -1.249677327  0.80107957  0.21521971 -0.19503490
 [4,]  1.369043771 -1.31496887  0.454956871  0.44030116  0.06532335 -0.79998433
 [5,] -0.638404433  0.09378923  0.921611200 -0.61331481 -0.54110736 -1.71505119
 [6,]  0.671831111 -0.60666800 -0.038761873  0.20406586 -0.52648793  0.56019148
 [7,]  1.139546981 -1.19169581 -0.464460829 -0.76041032 -0.31456241  0.51205431
 [8,] -1.189055649  0.39881593 -1.856455193  0.66333367  1.43859998  0.28418361
 [9,] -1.098679972 -0.28218700  1.039038185 -0.72053971 -0.28695628  1.08575623
[10,] -0.069314598  1.18938930  0.340825986 -0.75066133 -1.09932827 -1.52802642
[11,] -0.006999273 -0.89088717  1.398711505 -0.52374909 -0.10676069  0.58002490
[12,]  0.568166373 -0.60760829  2.273636574 -0.52294845  1.56661549  0.14186737
[13,] -0.219981912 -0.49342211  1.691633215  0.30857553 -0.12268999 -1.77689865
[14,] -0.119401837 -0.71069981 -0.172180997  0.23212483 -1.43914485  0.02326571
[15,] -0.594907495 -0.13267044  0.135965748 -0.12663024  0.28981753 -0.38330473
[16,] -0.223247503 -1.18036565  0.249763978 -0.92474091  1.36418404 -0.47400793
[17,]  0.052729573 -1.32108541  0.408771434  1.49355312 -0.19481278  1.69371229
[18,]  0.793786091  1.84121712  0.881254052  1.28220448 -1.20198126  0.16599591
[19,] -1.381735398  0.14895687 -2.093444201 -0.94142228  0.77580718  1.28522761
[20,] -0.898254050  0.15411328 -0.517956675  1.49215921  0.98533448 -0.04094429
[21,]  1.267803186 -0.25255643 -1.204491089 -2.18351553 -1.54557168  0.78522245
[22,]  0.312396283 -0.07197099 -0.477566852 -0.64777479 -1.10201608  0.79316673
[23,] -1.623496735 -0.88413426 -0.101744459 -1.36293824 -0.26353185 -1.18435795
[24,] -0.537951903 -0.06670423  0.342371753 -0.49554316  0.29302387 -0.79311714
[25,] -0.870688162 -0.86015899 -0.010308125 -0.13230376 -1.23519632 -0.29331341
[26,]  2.076672801  0.12217841  1.768342170 -0.90046294 -0.19961583  0.32824239
[27,] -0.485957034  0.54553966 -1.558436573 -1.20329742 -0.16705513  0.01981407
[28,]  0.588605796  0.69148475  0.245921009  1.03422450 -0.31869565  0.65153893
[29,]  0.643015410 -0.76661223  0.934838051 -0.09475848  0.02893660 -1.23898311
[30,]  0.336341122 -2.47539454 -2.599646235  0.34263643 -0.29505269  1.24660577
[31,] -0.899777237  2.34116870 -3.163528479 -0.10156468  1.17950230  0.87703348
[32,] -2.038012395  0.39026377 -1.095098625  0.02706395 -0.56259693 -0.05101766
[33,] -0.669880981 -0.11928630  0.874667597  1.96752975  0.31369623  0.98325513
[34,]  0.438113138 -0.72294649  0.406047776 -0.09993667 -1.48108437 -1.52240616
[35,]  0.295049544  0.73203724 -0.023007263 -0.57889480  0.25173887  0.51384888
[36,]  0.096857114 -2.07530333 -0.415795578 -1.33703647  0.46734759 -0.69549817
[37,] -0.912803332  0.27011148  1.106646862  0.34761310  1.06389671 -0.72132597
[38,] -0.411824006 -0.81783731 -0.118577946 -1.39100459 -0.45249236  0.08981514
[39,]  2.112621165  0.18358532  0.338136865  0.24902735  2.13320710 -1.42006726
[40,] -0.597176483  0.18633274  1.013560621 -0.13463439  0.74989551 -0.71963150
[41,]  0.116613317  0.24009609  0.247151574 -1.71373649 -0.14111983 -0.45518660
[42,] -1.346560685  0.43502171 -1.374197150  0.35217093  0.11139543 -1.01297000
[43,]  1.537702872 -0.26637468 -0.006829306 -0.05895171 -0.50532851  1.02002473
[44,]  0.689090759 -1.77839568 -1.117008496  0.69874181 -1.75749417 -0.67938014
[45,] -1.615385715  0.48378043  0.472496918 -1.37901131 -1.40641291  1.18516226
[46,] -0.795663570 -0.26029661 -0.444356462  0.82663414 -0.30933814 -1.05992805
[47,]  0.096164544 -0.92903829  0.365352355 -1.08261819  0.03720233  0.32912731
[48,] -0.230727694 -0.79040815  0.123754714  0.14877297  0.20514012  0.07612669
[49,]  1.465703110  0.52972199  0.665785441 -1.67257069  0.98918482  0.54353901
[50,]  0.305121907  0.33263510  0.506454523  1.30414695 -0.68687553 -1.56551594
            [,12]        [,13]       [,14]       [,15]       [,16]       [,17]
 [1,]  0.06963823  0.851177768 -0.20227378 -1.27988955 -0.11514723  0.66857416
 [2,] -0.95557008 -0.008989523 -0.47191375 -1.27964382  0.87393784  0.32401497
 [3,] -0.22563322  0.463335859 -0.34811747 -0.86803325 -2.03060197  0.32668672
 [4,]  1.38150317 -0.824154636 -1.07538722 -0.87282294  1.23560222  1.44895047
 [5,] -0.94625401  0.248238824  0.30480060  0.33927875  0.12857528 -0.32079818
 [6,] -1.24541420  0.016328192 -0.20770454  0.29579206 -0.75639982 -1.42269477
 [7,]  0.63886414 -0.973161810 -0.70528235 -0.35628373  0.13240069 -0.57476716
 [8,]  0.77390443  1.390724312  0.71238690  2.79343464 -1.79012151 -0.61263518
 [9,] -1.04355738  1.304259381  0.34300937  1.23500634 -0.58124261 -0.97233168
[10,] -1.48997238 -0.584019129 -0.05779152 -1.22947215 -0.87055668  0.78966710
[11,] -1.95252489 -0.170333455 -1.28474989 -0.07864963  1.00012771  1.21004423
[12,]  0.06121796  2.325607179  1.02144353 -0.37195456  0.40501378 -1.18837033
[13,] -0.82977727  0.340390287 -0.12097673  0.37012295 -1.20739593 -1.04576672
[14,] -1.06095977 -1.143942966 -0.42800022  2.26527126  1.19036310 -0.06949934
[15,]  0.33332277  0.840929603  0.17038717  0.33492631 -1.18280899  0.91567073
[16,]  0.86861909  0.429159311  0.59885918  1.47050487 -0.24115446 -0.64512350
[17,]  1.69028588  0.595784798 -0.74848552  1.99592296 -0.38471993  0.33930903
[18,]  1.18569467  0.032028798  1.08954751  0.64944699 -0.33518985 -0.64932276
[19,] -0.17246231  0.998217375  0.49038826 -0.07824986  0.86045179  0.76518854
[20,]  0.89795609 -0.460635045  0.82833703 -1.12650150 -0.02996643  0.71420487
[21,] -0.95160194  0.157943051  0.16037518  0.10810531 -0.92214033  1.24312644
[22,] -0.24451676  0.252182459  1.60357633 -1.12611485  2.01515254 -0.29813413
[23,] -0.37545891 -2.596302790  1.27841357 -0.50795936  0.34216817  0.63282103
[24,]  1.36758083 -0.023076818  0.14431105 -0.91056858 -0.19482499  2.25593910
[25,]  0.07401017 -0.090660219 -0.21029448  2.06269341  1.09610058 -2.22173080
[26,]  0.86346007  0.028296894 -1.37453379 -0.32164620 -0.46783494 -0.86225374
[27,] -0.03272036 -1.006914680  1.33628995 -1.22798952  0.63693748 -0.04862537
[28,]  0.05757551 -2.098849090 -0.80588047 -0.68494042 -0.19290330  0.75657429
[29,] -2.02783814  0.859031473  0.69816837 -1.95723834 -0.16717103  1.12424257
[30,] -0.01810260  0.570364849  0.76373310  0.62139338 -0.63493207  1.77576214
[31,] -0.66834187  0.635449159 -1.07869694  0.36303008  1.33288049  0.57251087
[32,] -1.18187623 -1.334890151  0.56073425  0.65200340 -0.06240358 -0.04921439
[33,]  0.19024721 -0.761530187  0.08078600  1.59138974 -1.56229791 -1.70798405
[34,]  0.11268196 -0.432041732 -0.90923203  0.70487397 -1.72267440 -0.77000036
[35,] -0.21146066  1.105524414  0.44370392 -0.69379627 -0.50660609  0.43704521
[36,] -1.35148361 -0.146243492 -1.23414990  0.22938964  1.44872685 -0.47368765
[37,] -1.12105623  2.072763499 -0.12748685  1.18900341  0.02271686  0.59815014
[38,]  0.99414043 -0.619094827  1.48723257 -1.41788746  0.01306883 -1.04675576
[39,]  0.81138893  0.301107362 -0.03795347  2.32121254  1.00634975 -0.33368210
[40,]  1.07022110  0.778431892  1.37892003 -1.15860834 -0.21393904 -0.36105016
[41,]  0.44480508 -0.469044565  0.97564075  0.95567726  0.28749725  0.94710613
[42,]  0.52220102 -1.703872504 -1.61372620 -0.51488796  0.55421969  0.91897015
[43,]  0.43176469  1.235687959 -0.51886844  2.45648471 -1.00597151  0.28403264
[44,] -0.17620213 -0.159532359  0.29846766  0.30782154  1.89151922 -1.11645798
[45,]  1.15225956  0.928560063  0.28301934  0.45034430 -0.14568718 -1.59718391
[46,] -0.71171017 -0.088280554 -0.79186419  0.92959277  0.55955984  0.01811995
[47,]  1.22994192 -0.392377280  0.27990514  0.12054227  0.76161072  0.63469750
[48,]  1.25577092  0.677717624 -1.14125090  0.63220390 -0.63916673  0.42835107
[49,] -2.51313885 -0.931483547 -0.47614124  0.07556956 -0.56066568  0.57751400
[50,] -0.94636022 -1.551115104  0.09927339  1.86925408 -1.25915473  0.34008568
              [,18]       [,19]       [,20]       [,21]       [,22]       [,23]
 [1,] -5.173886e-01 -0.25969950 -0.59251503 -1.09063739  0.74632256  1.04103299
 [2,]  2.280567e-01 -0.55186078  0.79374142  1.72657214 -0.97798386 -1.84152980
 [3,] -1.569422e+00 -0.41075633  0.03354820 -2.21765665  1.61915781  0.20107076
 [4,]  3.158077e-02 -0.19894592  1.15684497  0.17408142 -1.86697799 -0.87547668
 [5,]  8.508425e-01 -0.22378826  0.43681502 -1.98454498 -0.55289194 -0.64966693
 [6,]  7.825976e-01 -0.08902403 -0.45027916 -0.64859521  0.05965233  0.51456585
 [7,]  2.453879e+00  1.43825691  0.85691214 -0.59851719 -0.27047597 -0.15530848
 [8,] -6.433330e-01 -0.95135181  0.97438439  1.51781130  1.68683995 -1.26051116
 [9,] -1.544999e-01  0.23360626 -0.30642139 -0.00804944 -0.57101459  0.50396096
[10,]  4.126723e-01  0.68638580  0.29998823 -0.09604530  1.29363521 -1.24455019
[11,]  3.995184e-01 -0.06014036 -0.27081455 -0.57321327  0.70620980  3.03719519
[12,] -1.107552e+00 -1.61413664 -0.53404484 -0.91707349 -1.13500210  0.29808320
[13,]  2.176739e+00 -0.71972875 -0.21449798 -1.37328734 -0.77025830 -0.84078091
[14,] -8.048993e-05  0.09550974 -1.04550826 -1.70401869 -0.34447584 -0.93208595
[15,]  1.574365e-02 -0.58601826  0.92837330  0.04652252  0.07050386 -1.11933939
[16,]  1.125743e+00  0.59866664  1.44791313 -0.17552751 -0.43963912  0.76653199
[17,]  3.984360e-01 -0.01668519  1.86923916 -0.27518119  0.16552253  0.37255453
[18,]  9.817918e-01  0.73389711  0.35412770  1.62216930  0.42852636  0.29849928
[19,] -7.742651e-01 -1.98460309  0.83486852  0.13909597 -0.03448299  1.28196440
[20,]  9.820936e-01 -0.79370094  1.00121701 -0.70339890  0.36903553  0.74458765
[21,] -1.444074e+00  0.73149536 -0.41081098 -1.09151426 -0.17716205 -0.72660375
[22,] -7.941848e-01 -1.84298426 -0.36900298  1.42838834 -0.98269794 -0.70986964
[23,] -1.991925e+00  0.13169374 -1.60607206  0.51648944 -0.58735378  0.20080764
[24,]  6.982248e-01 -0.61573016 -1.19120374 -1.85853910 -0.14751215 -0.78566362
[25,] -1.031344e+00 -0.06960848 -0.48871455 -0.81124340 -0.82570100 -1.56578866
[26,]  1.748177e+00  0.00687423  0.59713922 -0.92981017 -0.09966962 -0.48210460
[27,]  9.215743e-01  1.28411480 -1.03078268  0.09855350 -0.76142234 -1.13256963
[28,]  4.189233e-01  0.23178172  0.45944300 -1.10274799 -0.27135063  1.84289712
[29,] -1.807547e-02  2.01619760 -0.14037181  1.07531815  0.19805945  1.04612077
[30,]  6.129780e-01  0.62210080 -0.40614192 -0.06228298 -0.25431012  0.72813494
[31,]  1.340325e-01 -0.29513412 -0.09008809  1.20205934 -0.01352495 -0.54772294
[32,] -3.681253e-01 -0.82807203 -0.55618688  0.73310453  0.24019370 -1.35919877
[33,] -2.667546e-01 -0.77333816 -0.64187750 -2.87639043 -0.99941422  0.04686001
[34,]  5.927600e-02 -1.20820270  1.28066843 -0.96410808  0.75268493 -0.67113374
[35,] -2.108744e+00  1.16324098 -0.15599795  0.49187238  0.13525455  0.01999964
[36,] -1.866234e+00  0.75450123  1.07529477  1.21469287 -0.43188420  0.97269520
[37,]  2.221406e+00  0.94704201  1.83366052  0.42711276 -1.50982428 -0.41569078
[38,]  6.257017e-01  0.11970260  0.23117830 -1.32527492 -1.42519073  0.20613918
[39,] -3.980552e-01  0.07006444  0.75343435  0.92419201 -0.04975371  0.75947986
[40,]  9.300216e-01 -0.29834187 -1.53182126  0.49595208 -1.22901566  0.13950699
[41,] -6.193561e-01 -0.80537654 -2.42928930 -0.65914206 -0.30321735  1.02198183
[42,]  1.231687e+00  0.56428807  0.19977633  0.15354397 -0.21935982 -1.45719733
[43,] -2.046994e+00 -0.42241846  0.15134291 -0.53744230  0.60850395 -1.33256514
[44,] -1.340330e+00 -1.60457142  0.26927765  1.30537145 -0.40608275 -1.13209260
[45,] -1.540769e+00 -0.74345253  0.12906651 -0.58072359 -0.31068174  0.86047233
[46,] -7.789073e-01  1.06437274  0.06055960  1.91214027  0.87745124 -0.31317744
[47,] -1.265332e+00 -0.28024671 -1.50361264 -1.75612740  0.42867127  0.55772049
[48,]  6.534156e-01 -0.53653586  0.01356844  0.07832342  1.48363868  0.43486667
[49,]  3.131852e-01 -0.57103989 -0.21989619  0.49032932  1.03560218  0.48088179
[50,]  4.677940e-01 -0.15208087 -0.33555796 -0.97821831  1.22090690 -0.35746692
            [,24]        [,25]        [,26]       [,27]       [,28]       [,29]
 [1,]  0.70128627  0.888494119  0.183585874 -0.79799235 -0.31610990  0.15307131
 [2,]  0.05628671  0.416874008  0.955313299 -2.89361231  0.79840985  1.86966427
 [3,] -0.12475878 -2.031470213  0.376615094 -0.16688465  0.82503022 -0.39555448
 [4,]  0.67918948 -0.216833711 -1.823915064  0.41914979  2.01228419  0.46069896
 [5,]  0.82140960  0.050627666 -0.874622584  1.59433223  0.55889914  0.46170779
 [6,] -0.99151770 -0.495471979 -0.555485912  1.43576313 -0.80266065  1.15928904
 [7,] -0.39133078  0.572146156 -0.475075125 -1.27245767  0.24036746  1.39492723
 [8,]  0.25360866  1.553986690  0.408876029 -1.98862916 -1.59166309  1.34242700
 [9,] -1.08436994  1.719677590 -0.022757148 -1.60329918  0.15174330 -0.23276909
[10,] -1.13948817  0.384935366  0.307640075  0.13697018 -1.24229880 -1.19528568
[11,]  0.04128750  0.003181405 -0.090007792  0.09626304  0.65255527  0.43086429
[12,] -0.57209015  0.704106871 -0.011288170 -0.68693096 -0.78197518  0.44872954
[13,] -0.08159318 -0.162748672  0.533964936  0.27229931 -1.07299307  0.79833799
[14,]  0.57245669  0.367267804  1.985847456  1.82996928 -0.93878967 -0.31438622
[15,]  2.00917866 -0.249092955  1.206317430 -0.51036804 -0.07238326 -1.59727700
[16,] -0.67632263  2.094477716 -0.606886701 -0.80173560  0.54900256 -0.57423461
[17,] -0.68896309  0.939163968  0.880223631 -0.03393895 -0.86529102  0.36274033
[18,]  0.53689276 -0.135273667  0.978297350 -0.37200874  0.78034855  1.32743882
[19,]  1.54297347  1.213946900  1.997551913  2.39177562 -1.13739859 -0.14239300
[20,] -0.37907270 -1.816739168  0.285747669  0.27011149 -0.10159709  0.91532469
[21,] -0.38090017 -0.483147575 -0.005888947 -1.36027287  1.02394170  0.68194697
[22,] -0.19591503  0.321158566 -0.676420003  1.11687879 -1.97225589 -0.07827193
[23,] -1.21695779 -0.169475588 -0.182284332  1.00285811 -1.05455187 -0.40857899
[24,]  1.09519946  0.099814486 -2.064389945 -0.12356082 -0.27820717 -0.47293671
[25,]  0.50778568 -0.627873297  0.543041379  0.96859556  0.46834299 -0.61084211
[26,] -0.42555985 -0.379375606 -0.621135835 -1.57535175  0.23698787  0.78736604
[27,]  0.03788628 -0.069604952  1.049968892 -0.81111209  0.78450950  0.05295091
[28,]  1.04522656  1.179572210 -0.810733984  0.54001299  1.10338392  0.11578741
[29,] -1.20844955 -0.965225578  0.719599452 -0.41324515  0.68865491  0.19729515
[30,] -2.21082986 -0.728919116 -0.468746568 -1.36581933  0.67783370 -1.59798841
[31,]  0.22075456 -0.871977231  1.401252816 -0.28319107 -0.48309439 -0.98347338
[32,]  1.24229786  1.203538332  0.308108013  1.24830731  0.43294942  0.72232876
[33,] -0.86873382  1.289169332  0.023574893 -0.07222369 -0.86535525 -1.12062598
[34,] -1.17807343  0.627154309 -2.130700594  0.43774637  0.87650352 -0.64619276
[35,] -0.44737878  0.518760461  0.502766848  1.21670636  0.24189657  0.41046439
[36,]  2.43850302 -1.075282844  0.593755087 -0.91509743  1.27760267  0.40165585
[37,] -0.65912929 -0.913706026  2.323473376  1.92804565 -0.68894432  0.21465460
[38,]  1.22967773 -1.210842716 -0.718757449  1.73194674  0.16093742  1.24289970
[39,]  1.02226519  2.502969603 -0.219945330  0.56732931 -1.39185135 -0.19610212
[40,] -1.55905479  1.874321904  1.899129857 -0.96368458 -0.12246621 -1.71487446
[41,] -0.08516972  0.387565169 -0.306337114  0.60129501 -0.37352930 -0.20994715
[42,] -1.18867213  1.373482861 -1.008893326 -1.34586481  0.50388020 -0.64127629
[43,] -1.77507431  0.106920807  0.179769668  1.27299023  0.66691297 -0.13243932
[44,]  0.46184059  0.030272505  0.670156774 -0.88666396  0.81916554  0.14661970
[45,] -0.09344327  0.071727237 -0.272629119  0.34609551 -0.81877439  1.96900747
[46,] -0.05145704 -1.291299697  0.497801549 -0.23832114 -1.62192614  0.01648972
[47,] -0.83027713 -0.600972749 -0.624803135 -1.40339146  1.19120982  1.84583386
[48,] -0.52306994  0.243270561 -1.189710091  1.02525020 -1.91467230 -0.98385473
[49,]  0.90663221 -0.971377644 -0.358831733  1.11825093  0.61115934  0.53919012
[50,] -0.19151078  1.282280800  0.806945599  0.40922291 -0.18708180 -0.27128667
            [,30]        [,31]       [,32]        [,33]        [,34]
 [1,]  2.66604669 -1.769725155 -0.73452489  0.566315575 -1.473458727
 [2,] -0.21575677 -0.277068644 -0.97560257 -0.171438236 -0.556682093
 [3,]  1.95945592  0.762821405 -0.26271500 -1.195982810  1.151549386
 [4,]  0.82654056 -1.283176611 -0.41196790 -1.043263785 -0.431733186
 [5,] -0.34913345  0.733448231  0.89666318  1.426718076  0.797141343
 [6,] -0.48344774  1.526181648  0.48441248 -0.026046161 -1.124019191
 [7,]  1.36804104 -0.384427670  0.84428126 -0.760816662 -0.548367216
 [8,]  0.37931754  1.090415778  0.90005542 -1.327000303 -0.480454238
 [9,]  0.39292324 -0.837139965  1.48188143 -0.121171444 -0.010023517
[10,]  0.20634298 -1.530780297 -0.85927079  0.832521396 -1.774845494
[11,] -1.40598380  1.172034191 -1.50630153 -0.804007725  0.778889527
[12,] -0.28593370  1.497943270  0.25251692  0.260994547 -0.689235743
[13,] -0.64521189 -0.011887212 -2.58960843 -0.649154163 -0.913762893
[14,] -1.30117145  0.078012596  0.57461331  0.047068183  0.270860637
[15,] -1.94000744  0.544583435 -0.27197649  0.680012714 -0.263968159
[16,] -0.71436393  0.248031339 -2.25381835  0.108068636  0.425724784
[17,] -0.56585929 -2.421645002  1.58583718 -0.514113002  0.129862193
[18,]  0.40669104  0.755918358  0.08914540  0.503182443 -1.959712739
[19,]  1.44166148  1.293862895 -0.20693429 -1.442859623  0.339595501
[20,] -2.01103540 -1.151194980  0.40285220 -0.202981078  0.735810608
[21,] -0.94560262 -0.475979507  2.01176816 -0.003350905 -0.647593303
[22,]  0.01989973  1.348599421 -0.45285153 -0.970575965  1.540215748
[23,]  1.04665980  0.138316022  1.76659413  0.193111611 -0.955872378
[24,]  1.02150489 -0.541125633  0.43258394 -0.651574611  0.079989969
[25,] -1.68120572  0.718199472 -0.41862435 -0.108773698  1.367540225
[26,]  0.97761853  1.085834838  0.71112045 -1.094350808  0.203989557
[27,] -0.94326564  0.273726120  0.06881164  0.476545366  2.229225993
[28,] -0.26228381  0.014163196 -0.16377644  0.355080946  2.196371539
[29,] -1.21265627  0.821262688 -0.25654350  0.708910850  0.855500563
[30,] -0.80637442  0.355337828  0.85600989  0.332753484  0.759923629
[31,]  0.46616159 -0.238596009  0.95697053 -0.987506503  0.271476908
[32,]  0.95500109 -0.459479055  0.22346595 -1.818374012  0.343191974
[33,]  0.20140289 -0.240045959 -1.44361467 -1.858468473 -0.823094961
[34,] -0.52925994 -0.352390060  1.42227835  1.120171262 -0.704645309
[35,]  0.85028371  0.448126706  0.20402697  0.500375634 -0.881023866
[36,]  1.00445986 -0.148536931 -0.69113786  0.408747842 -0.913442534
[37,]  1.20253837 -0.327784274  0.44363041 -2.453439526  1.959664551
[38,] -0.10448211 -1.643297123 -0.28911439 -0.082694897  0.759313839
[39,]  0.65885216  0.230433116 -0.84771083 -0.760922746 -0.530551782
[40,]  1.91602738  0.513546617 -0.25007831 -0.191458527 -0.035854433
[41,] -0.27330051 -1.171980836  1.37164529  1.391643037  0.491133678
[42,] -0.08329577  2.156357842  0.88096858  1.201878203  1.365261926
[43,]  1.07405691 -0.514001650 -1.19210725  1.505019519  0.557782797
[44,]  1.31714796  1.754341556  0.60668641 -1.167173790 -0.002922783
[45,] -0.23878065  1.520651309 -0.65487052 -0.375179083 -0.110298628
[46,] -1.27185593 -2.080329471  0.38062816  0.862425503  0.551699713
[47,] -0.83415928 -0.538465733 -0.01594163 -0.536426747 -1.448792591
[48,] -0.78422385 -0.933599351 -0.02724296  1.337382066 -1.069575532
[49,] -2.33548873  0.001332169 -0.55627141 -0.655579676 -0.815776317
[50,] -0.02818070 -0.753375593  1.28966137  0.564989111 -0.820574834
            [,35]       [,36]       [,37]       [,38]        [,39]       [,40]
 [1,] -1.00152355 -0.72238775 -0.86129071  0.74336510  0.195854739  0.82450756
 [2,]  0.55068085 -1.62381293 -0.32344634 -0.24006067  1.948847880 -1.11765071
 [3,]  0.51558830 -0.04655853  0.63830582  0.69751188 -0.138001273 -0.22049508
 [4,] -1.98166056 -1.54786273 -0.08407056 -0.08444460 -0.823911098 -0.19869786
 [5,] -0.70098581  1.14188703 -0.69742426  0.94972296  0.100569106 -2.47726920
 [6,]  1.35695574  0.48874086 -0.12092856  0.52613858  0.385731588 -0.85430226
 [7,]  0.31912846  0.10756117  0.80483904  0.18377062 -1.222059743 -0.67738799
 [8,] -0.93578713 -0.19901166 -0.73095653  0.69832509 -1.353765479 -0.40992333
 [9,] -0.68688502 -0.86180058  1.52379732  1.61433017 -0.487139991 -0.43216587
[10,] -0.24938096 -0.34688630 -1.58126774  0.03129458 -0.590012724 -1.51181290
[11,] -0.26874515  0.82313345 -1.30097816  0.52318542 -0.617817497 -0.23463310
[12,] -0.01012149  0.40822463  0.27701425  0.55311543  2.088970300  1.35088747
[13,] -1.13555618  0.74111068  0.59874986  0.42277431 -0.907261321  2.03048497
[14,]  0.55866464  0.53669428 -1.53712742 -0.17059539 -0.443059125 -0.31509990
[15,]  0.51978763 -0.13857465  0.43367018  0.31843874 -0.597361215  0.35831826
[16,]  0.17551748 -2.36172154 -0.72929661 -0.75466358  1.022734155  0.87455355
[17,]  0.68933189 -0.98813400 -0.13091180  0.08934304  0.040209950 -1.33388652
[18,]  0.09073398 -1.06409930 -1.18852016 -0.70029124  0.894910331  0.21013715
[19,] -0.08551618  2.21459187  0.58099386  1.24326084 -1.493486774  0.61786335
[20,]  0.54930259 -0.28670076  1.13736586  0.08778546 -0.188778875  0.89997641
[21,]  0.70148447  1.02348838  1.41360697  0.46512223  0.562537100 -1.17227103
[22,]  0.02917700 -2.08931836  0.87858326  1.25785636  0.105349609 -0.88666242
[23,] -1.50292858  0.25186631 -0.39881971 -0.65910843 -0.919554241 -1.74041341
[24,]  0.05205307 -0.81576323  0.69478175  0.65894566 -0.663769312  1.67605585
[25,]  0.36176760 -0.27744402 -0.28938808 -0.73299272 -0.912207735 -0.91741328
[26,]  0.69599453 -0.38197546  0.06492861  0.46463395  0.485894576 -2.04510637
[27,] -1.71012848 -0.10469935 -0.27534808  2.48308014  0.304494075 -0.15424001
[28,] -0.58633302  0.06258144 -0.23256505  0.78142900 -0.597884398  1.80483942
[29,]  0.96535486  0.20136108  0.21596516  0.26825013 -0.950177949 -0.98578799
[30,]  0.41117754  0.94070532 -0.51797454  1.26689672 -0.902649925  1.13594589
[31,]  0.61328184  0.79544758 -1.48042766  0.92447378 -1.156717176  0.72937634
[32,]  0.49613699 -0.74351486  0.06566151 -1.00272837 -1.856492029 -2.04577299
[33,]  0.13718673 -0.74847899  0.78882095  0.49572377  1.721079679  1.49855647
[34,]  0.80785682 -1.66717685 -0.97734388 -0.07115052 -0.404369944 -1.03356592
[35,] -0.12261535  1.05990925 -1.01036475 -1.29441845  1.570857865 -1.92821649
[36,] -0.09237668  0.93177003 -1.42222314 -0.27299929  0.504201340 -1.26358948
[37,]  0.21742031 -0.34470209 -0.36551275  0.97522749  0.912671422  0.44052386
[38,] -1.10268621 -0.55139864 -1.34950422  2.03316902 -0.058872035  1.63512652
[39,]  0.49984467 -1.05572447  0.02894098 -0.25871028  0.219574893  0.89315645
[40,] -0.99399807 -0.30680049 -0.74190404 -1.92125311  0.691368998 -1.56079892
[41,] -0.67352691 -0.22891977  0.09129922 -0.69376313 -1.027188568  0.20764157
[42,]  2.13795943  1.43244807  0.51666968 -1.21734098 -2.399532164 -0.05462532
[43,] -0.58580558  1.41482772 -0.94610166 -0.24313674  0.009271252  2.03922458
[44,] -0.69209604 -0.75759358 -0.10878245  1.40806553 -0.464325829  0.23595754
[45,] -0.82845107 -0.88851688 -0.47419273 -1.89290920  0.860629091 -0.09047487
[46,] -1.63222608  1.77096285  1.24597554  1.07792899 -0.570599508  0.16968339
[47,]  0.45115478  0.67701536  1.60866369 -0.20992176  0.361388362  0.26990412
[48,]  0.41140113 -0.07085675  0.42368006  0.04083662  0.029643988 -0.89391590
[49,] -1.32419276  0.94928200  1.01524251 -0.60887637 -1.478002931 -0.20929783
[50,] -0.32606282  0.58107684 -0.74726738 -1.57374581  1.378868893 -0.54344392
             [,41]       [,42]      [,43]       [,44]       [,45]        [,46]
 [1,]  0.388887752 -0.40467145  1.3450714 -2.50827211  0.76152149 -0.459622235
 [2,] -0.676290948 -0.28942091  0.4597028 -1.29166506  0.77981781 -0.212279060
 [3,] -0.221950126  1.05923650  0.1598004 -1.27253315 -0.71266981  0.479776566
 [4,] -0.004673966 -2.96536908 -1.4398745 -0.28424673  1.50894419  0.644363908
 [5,] -1.460404959 -0.01889594  0.9179410 -0.29009058  0.20238192  0.360807793
 [6,] -0.348155797 -1.30036317  0.3079421 -0.08933413 -1.06453468  0.148072634
 [7,]  0.548394710  0.73953711  0.5646988  0.95655105 -0.96797488  0.002728340
 [8,] -1.084294659  2.02557545  0.3734975  0.77314082  0.10756492  0.380027724
 [9,]  0.439649538 -1.61897303  1.3846863 -1.80232003 -0.44069165  0.178222823
[10,] -0.813193010 -1.26714492  0.4375363  0.40376144 -0.43057086 -0.006168115
[11,] -0.305477067 -0.08065632  0.9420568  0.62864936  0.95081150  1.296036586
[12,] -0.665158589 -0.13944429  0.1001876 -1.50099546  1.00152566 -0.905594522
[13,]  0.009332849 -0.40532008 -0.3880664  0.95740621  1.11495490  0.671231123
[14,]  0.428433434 -1.11420515  1.1625924 -1.04535802 -0.84816286 -0.062723706
[15,] -0.216341288 -1.06639567 -1.8943237 -0.49263832 -0.55577344  1.100100953
[16,]  0.212803836 -0.62158460 -1.0071655 -0.08349735 -0.35165244  0.958669945
[17,] -0.718190215 -0.11712749 -1.9707914 -2.26326293 -1.24393089  1.022058142
[18,]  1.263280286  1.93603681  0.5714791 -0.92465776  0.79436456 -0.473577482
[19,]  0.205382800 -0.54515287 -0.4790310  0.06598291 -1.38706404  0.592245732
[20,] -1.597036580  1.40097499  1.2245733  0.96760859 -0.33103700  0.212256716
[21,] -0.915699336 -0.37450928 -0.5800734  1.03583564  0.56547516 -1.174395974
[22,] -0.253340894  1.05535038  0.8661211  0.01311499 -0.98062066  0.943586654
[23,] -1.328463179 -0.86384909  1.3258283  0.01166733  0.04777791 -0.218423258
[24,] -3.424401735 -0.32700052  0.3436297  0.67261929  0.42901270 -0.053569742
[25,] -0.652915524 -0.74569739 -0.1060137 -0.21040215  1.45753727  1.728616863
[26,] -0.118408895 -0.49388211 -0.8628410  0.01714514 -1.74972497 -0.060111626
[27,]  0.388010149  0.42048428 -0.1682273 -0.37786982  0.94010520 -0.298895205
[28,]  0.162951434  0.32498692  0.0803213 -1.25714325  0.25967758  0.462605238
[29,] -0.669202343  0.27538568  0.1786624 -1.29463681 -1.51250653  0.165271418
[30,]  0.354234434  0.24565895  1.0736263 -0.21776428  0.16227439 -1.004605417
[31,] -1.581986433  0.59957812  0.8434860  0.82630588  1.18131282 -0.164031950
[32,]  1.337708829  0.84250384 -0.6682398 -0.09536579 -1.58987434  0.194018980
[33,]  0.013497837 -0.94866751 -1.6272932 -0.10356023  0.25275800 -1.044003649
[34,]  1.782583591  0.51277296 -0.5611193  0.53466776  0.37595563  1.325897871
[35,] -1.726325652 -0.48060929 -0.6157618  0.92973459  0.32580165  0.091487384
[36,] -2.320837993 -1.24170115 -0.6607613 -1.22675751 -0.44088215  0.458749723
[37,] -0.500873300 -0.93117782  0.1042808 -1.52993209  0.31900097  0.921585523
[38,]  0.290344390 -0.08707996  0.4436152  1.36168120  0.49894141  0.542664715
[39,] -0.298147799  0.07919574  0.6927768 -0.70638723  0.14348924  1.640340359
[40,]  0.248451568 -0.06581311  1.4328890 -1.05198351 -1.12944935 -0.772450502
[41,]  0.118466623  1.66717060  0.3729197 -1.24273663  0.08855323 -2.290650866
[42,] -0.935288245 -0.33006566  0.7902266  2.93096895 -0.67123439 -1.283697320
[43,]  1.453836945 -0.01711476  0.2805594 -1.09660341 -1.22064689  0.191274950
[44,]  0.895113638 -1.07577369 -1.9162839 -0.72661753  1.35429352  0.632725501
[45,] -0.306975020 -0.02411513 -0.5176919  0.65119264  1.00410483  0.200648583
[46,]  1.684339855 -0.20353384 -0.2228704  0.64377736  0.25866916  2.179991551
[47,]  0.402620972  1.76748123  0.1902278  0.35228086 -0.46681037  1.383857683
[48,]  1.105924053  0.49295561 -1.7522559  0.44039285  1.24638031 -0.553383040
[49,]  0.686237623 -1.11635502 -1.1054348  0.75509827 -0.73393841 -0.744308343
[50,]  0.215004489  1.51987769  0.5189236 -1.69244551  0.18048385 -1.800461667
            [,47]       [,48]       [,49]       [,50]      [,51]       [,52]
 [1,] -0.13922475 -1.04868513 -1.05309797  1.00055715 -0.6368060  0.04276186
 [2,] -1.55056251  0.35607551  0.50212399  0.76526645 -0.3293909 -1.11675331
 [3,] -0.23756263  1.76794340  0.53265646  0.34942569  0.8207704 -0.10819925
 [4,]  0.18126826  1.74545729 -0.68326751 -0.33149593  1.3625305 -0.02156379
 [5,] -0.99272770  1.66530459  0.34263183  0.21516236  1.4225834  0.52660464
 [6,]  1.12389292  0.89885857 -0.46524669 -0.01334397 -0.6058497  1.43368910
 [7,] -1.51589394 -0.24405740 -0.86775103 -1.12302722  1.7277049 -0.14421350
 [8,]  0.04821277 -1.39362924 -0.79761636  1.09659771 -1.2875007 -0.43068590
 [9,]  0.18538763 -0.52904208  0.45585483  0.63636915 -2.2657007 -0.36793743
[10,]  1.05336061  0.11289211  0.70794319  0.67709253  0.7095731  1.91583322
[11,]  1.63009969  0.31111702 -0.16338654 -1.02409040 -0.8483411  1.25534919
[12,]  0.02930254  0.81476565 -0.83134659 -0.14627373  1.1274674 -0.33395172
[13,]  0.70887432  0.08155272  0.67768097  0.74035259 -2.1201152  0.80531947
[14,]  0.28277686  0.14130507  1.49680375 -1.45045292  0.3355126 -0.34027700
[15,]  1.22468591  0.63976477  1.86435136 -0.42143064 -0.6850904  0.76848189
[16,]  1.87873451  0.04353064  1.22767791  1.29122133 -0.2380390  0.98655733
[17,]  0.80122065  0.69512920 -0.01370047 -1.16054458  1.4651723 -0.87733179
[18,]  1.06325542 -1.06876699 -1.10403515 -0.20809275  1.8009652  0.28508541
[19,]  0.65707760 -0.41046784 -0.03867214  1.95676021 -1.1363689 -1.66832558
[20,] -0.94212406  0.34378841 -0.69967808  1.83336409  0.3051141 -0.62057397
[21,]  0.49076440  2.15024429 -0.83070928 -0.90753104  2.2538640  1.22133599
[22,] -1.82465258  0.18427904  0.38920720 -1.05118303  1.1887743  1.03927787
[23,] -2.00833803 -0.15525698 -0.34164923 -1.27019139 -1.1638373 -0.32367545
[24,]  1.21179065  1.37631938  0.97881979 -0.31570250 -0.1245803  0.91241994
[25,]  1.38981541 -0.60622277 -0.36423329  1.46002914 -0.4215679 -0.18480050
[26,] -0.21341001  0.15523371 -1.03724380  1.10487365 -1.3609436 -1.79312631
[27,]  0.78156244  0.15933058 -1.35434866 -2.10602380  1.5011928  0.81025394
[28,] -1.56806575  1.90411055 -0.44330151 -1.12653188  1.0397633  2.21994081
[29,]  1.56252581 -0.35151797  1.81075261  3.44507389 -1.2720544 -0.57082742
[30,]  1.78240376 -0.72763715  0.05597517  2.24096093  0.8857429 -1.22706507
[31,]  0.68373860  0.36837329  0.66682764  0.94237628  0.6745404  0.39051809
[32,] -0.06782707  1.70457821 -0.96802177 -0.93211946 -2.4121084  0.34405047
[33,]  1.16834831 -0.32559866 -1.60090556  1.83086892  0.6918765 -0.30016755
[34,] -0.02452050  0.77753717  0.10470752  2.05385848 -0.5656429 -0.75709227
[35,]  0.91565508  1.42825473  0.05425638 -0.46054257 -1.8207298 -1.06947622
[36,] -0.02632670  0.60727232  1.10881638 -0.26092352 -0.7520209 -0.42849404
[37,] -1.07907229 -0.75871318 -1.96486495  0.28816343  0.2910874  1.19783925
[38,] -0.68260331  0.85506088 -0.40415849  2.11784534  0.9567157 -0.55053123
[39,]  0.73128453  1.20826129  0.01960839  0.91831350 -1.4221382  0.44879265
[40,] -1.87495507  1.24104970  1.53145346  1.30074706  1.5028041  1.98541294
[41,]  0.53785474 -1.55869940  0.30471510  0.93301288 -1.0973306 -1.49604665
[42,] -1.41288409 -0.35685030 -0.10239013  0.09747623 -0.9093040 -0.75410071
[43,]  0.89126378 -1.31354637 -0.96653843  2.03124023  1.6099310  0.46463448
[44,] -0.33882475 -0.48915507 -0.63077575 -0.15661496 -0.7625043  1.11008373
[45,]  0.43626003  0.60673266 -0.41134976  0.92706886  0.7466381 -0.96719009
[46,] -0.30186488 -0.19047967  0.76388085 -0.92734541 -1.4714207  0.35845447
[47,] -0.94598195 -1.57691971 -1.22355818 -1.29762822 -0.4791906 -0.19575522
[48,] -0.31361420  0.01569791 -0.08551007 -0.25556339 -1.8028911 -0.72549178
[49,]  0.03529597  0.58823841  0.15564868 -0.55127400  0.2960555  0.15115987
[50,] -0.86477158  2.73841611  0.35478317 -0.41456706 -2.4739797  1.34121495
           [,53]       [,54]       [,55]       [,56]       [,57]       [,58]
 [1,] -0.1090746 -1.13837652 -0.60871154 -0.58606443  0.57441014  1.99710083
 [2,] -1.7061434 -0.38025030 -0.44835902 -1.44523256  0.14689521 -1.54618235
 [3,] -0.4770041 -0.01639001 -1.96475385  0.04510269  0.01942168  0.10043607
 [4,]  0.9121426 -1.12278757  0.59102340  0.09621397  0.12566907  1.14492490
 [5,] -1.0175123 -1.68543770  0.32641162  1.39561654 -0.57607634  0.75699383
 [6,] -0.4909497 -0.90022736  0.29756922 -1.02044771 -0.57562664  0.96365529
 [7,] -0.3121470  0.58014109  0.28650813  0.05725786 -1.09659291 -1.01181003
 [8,] -1.7803551 -0.75330984 -0.15390916  0.59306938  1.20729087 -0.65520973
 [9,]  0.1970432  0.45921308  0.29363136 -0.12870995 -1.59885333 -0.01517258
[10,] -0.8539297 -0.74175764  0.02197174 -1.69231612 -0.92298010  0.64525055
[11,]  1.2265594  0.16573526 -0.78123676 -1.57133112 -1.49318446  0.86028570
[12,] -0.2279649 -1.31439008  2.77388413  1.87926391 -0.29289673  0.45832307
[13,] -1.5317059 -0.85579180 -0.22402595 -0.12664220  0.41887611  0.67996146
[14,] -0.9533280  0.29309937  0.12601858 -0.85381070  1.20274014 -1.63944371
[15,]  0.1623025  1.42393224  0.55954548  0.17852963 -1.07333557 -0.78775820
[16,]  1.1731202  2.37838507  0.78756648  1.00585511  0.62067668 -0.02307689
[17,]  1.0387508  0.50952709  0.93270006 -2.00260354 -1.05683624  0.49475520
[18,]  1.2293132 -0.52248076 -0.32944231 -0.88347893  2.01165743 -0.55819990
[19,] -0.6795794 -1.28081433 -1.31473534 -1.17413543 -1.87855568 -0.20783502
[20,] -0.3319290 -0.30476592 -0.61040154 -2.31173551 -0.29244321 -0.11763710
[21,] -1.4453635 -0.01467182  0.43918856  0.30213844 -0.86109271  1.29051617
[22,]  0.5701279  0.43129436  0.26348049  0.71251668 -1.37084704 -0.64978984
[23,] -0.1504987  0.76203836  0.18016394 -1.57617589  0.60836780  0.17688999
[24,] -0.2319212  1.02055638 -0.22975825 -0.73231781  1.41545466 -0.16406251
[25,]  0.9077014  1.29974577  0.69436107 -0.47802693  0.34690166 -1.38189575
[26,] -0.1625221  0.01235238  0.64748275  0.55002791  0.85953672 -0.72974581
[27,]  0.8990317 -0.53758229  0.96923647  0.61120485 -1.65474131  1.40173423
[28,]  0.3131663 -0.28190704  0.48366329  0.14690667  1.38812172 -0.92913955
[29,]  0.7447358 -1.05930174 -0.27979095  0.06066555 -1.34034178 -0.93541529
[30,] -0.1891868  1.11412762 -0.20731001 -0.19053428 -1.39072452  0.76389006
[31,]  0.6421537 -0.25983044  1.21926046  1.67523746 -0.60898282 -0.55530894
[32,] -1.4485107 -0.93363712  0.69842022 -2.04309982  0.96085233  0.87846033
[33,] -2.1438602  0.61183859  0.59614384  1.72577483  0.27784703  0.17787025
[34,] -1.3585388  0.36668671 -0.78479964  0.28216773  0.51110711  0.51031292
[35,]  0.2087899  0.89064802  0.83917227  1.78424469  0.11119160  1.10101329
[36,] -0.5814271 -0.15993809  0.47334427 -0.61791392 -1.34204005  1.38060608
[37,] -0.9963338  0.85974348  0.41143923  0.40144774  1.83605120 -3.05036394
[38,]  1.4587613 -2.39672780  0.20450724 -1.09100914  0.43863639 -0.67176373
[39,] -0.4783691  0.10795062 -0.03711582  0.74092545  1.28290785  0.77869675
[40,] -0.7916189 -0.31052222 -0.29438928 -0.01657902 -0.64478359 -0.23340680
[41,] -0.8686439 -0.81247205  0.02080528 -1.21263255  0.08533338  1.25335053
[42,]  0.7276982 -1.69070441  0.71274585 -0.54353753  0.90589397 -0.69900737
[43,]  2.7900798  2.20176931 -0.94061046  0.57837507 -0.05078950  0.40089128
[44,] -0.3006630  0.27851924 -1.30374346  0.29166485 -2.40243466 -1.08471950
[45,]  0.5770131  1.87804465  0.10075145 -0.69324757 -0.26742883  0.10522368
[46,] -1.0146848 -1.09441829  0.24680377 -0.05767210  1.50261569  0.38963106
[47,]  0.5622240 -0.81740795  1.74557172 -1.52906155  0.79840062  2.88007478
[48,]  0.7529080 -1.58691287 -0.85633203  1.05296629  0.57668551 -0.44617753
[49,] -1.0893936 -0.95504173 -1.44032808 -0.49135492 -0.21023350  0.58127908
[50,]  1.4590526 -1.62589942 -0.54518170 -0.33225838  0.91812509  0.90502017
            [,59]       [,60]       [,61]       [,62]       [,63]        [,64]
 [1,]  0.80237005  1.04090634  0.69058086 -1.21598102  0.45201059 -1.787979101
 [2,] -0.03033432 -0.06015763  0.30988443  1.48673870  1.01295702 -1.604930429
 [3,] -0.90694161 -0.39861569  1.62817790  1.20991673 -0.15394050 -0.400470535
 [4,]  0.66828354 -0.13266124 -0.60161560  1.25450418  1.58731408  1.033623927
 [5,]  2.06639024  0.19866510  0.37270870 -1.03738830 -0.49458427  0.742557791
 [6,] -0.36905777 -0.75126775  0.51764097  0.04285826  1.64973178 -1.105208381
 [7,]  0.42759458  1.75362957  0.51585902  0.63604146 -0.42374679  0.585187539
 [8,] -0.49058466 -0.67896897  0.99858858 -2.01500434 -0.11152416 -0.367432854
 [9,]  0.09859446 -0.78337627 -0.42255170  0.11358232 -2.07352787  1.167032055
[10,] -0.46864684 -0.67213615 -1.80051825  0.03632849  0.40629142  0.416698485
[11,] -2.09662995  0.84913996  0.02253489 -1.36569601  0.13447999 -1.500133780
[12,] -0.73427202  1.49882024 -1.07940520 -1.02561115 -0.68720669  0.055893934
[13,]  0.01064878 -0.20873421 -1.89534924 -0.11388028 -1.10026252 -1.508380121
[14,] -0.27237782 -0.34815969  0.28394721  2.18610933 -1.08535702  0.663440370
[15,]  0.29995255 -0.24229347  1.87756945  0.39084957  1.09835443  1.011089008
[16,] -0.37534404 -0.26834990 -0.25217018 -0.77948356 -1.69151768 -0.509072101
[17,] -1.40788895 -0.66589998  0.01318354  0.45331929 -1.24637295 -1.108154041
[18,] -0.69244309 -0.53384755  0.33005321 -0.05321414 -0.09331864 -0.340679212
[19,]  0.75034775 -0.44079871  0.74836534  1.35036521 -1.39468486 -0.725835027
[20,] -0.50480462 -0.26704942 -0.38385327  0.90756842 -1.81498848 -0.145029439
[21,]  0.69674850  0.44549690  0.43797598 -1.33497923  1.43749802 -0.272028922
[22,] -0.97050726  0.24032553  0.23540452 -0.90422408 -1.03678144  0.091911570
[23,] -1.66805025 -0.53896054  0.82416600  0.42686270 -0.80592227  0.427779764
[24,]  0.14805966  0.97342570  0.31990716  1.49964295  0.47884652  1.278490661
[25,]  1.36371067 -0.34425830 -0.36497914  0.50583228 -1.49001809 -0.462618763
[26,]  0.04714254 -0.14250889 -0.03089902 -0.01633495  0.25642933  0.777816307
[27,]  1.00936017  0.09366099  0.01248224  3.15772276  2.29352495  0.975762450
[28,] -0.38657514  0.89379813  1.75624585 -0.02785029 -0.10180760  0.665947261
[29,]  0.83112435  0.37177822 -0.15889994  1.15499471  0.72899749 -0.155354599
[30,]  1.25289677 -0.65433503  0.12854030  0.82206352 -0.01996808 -1.989414485
[31,] -0.41881778  0.08993598 -0.19495863  0.84925258 -0.20002153  0.057451753
[32,]  0.94129892  0.69139223 -0.68720605 -0.75479368 -1.46691850  0.063036808
[33,]  0.74742274  1.50491572  0.11834100  0.28030741 -0.84459655 -0.591777763
[34,]  2.36319827 -1.43239954  0.36084568 -0.93283515  0.74008754 -1.005940916
[35,] -2.01910729 -0.21635446 -0.59432024  1.41041417 -0.18492628  0.683736909
[36,]  0.69931481  1.04696878 -0.34041644 -0.32695238  0.05948766  0.904574137
[37,]  0.31279114  0.44217075 -0.56994043 -0.80117533  0.11613024  1.422462055
[38,] -0.31939089 -0.79215701 -0.66976058 -1.20904817  0.08202595  0.744423768
[39,]  0.71523499  0.68796998 -1.19041786  0.00475093  0.55984253 -1.059784171
[40,]  1.90619266 -0.51181690 -0.95473988  0.19453402 -0.44334039  0.320597155
[41,] -2.57224311  1.08329041 -0.53003810 -1.52036191 -0.12276894  0.459307262
[42,]  1.76712779 -0.24435435 -0.10887675 -0.59975109  0.40835503  0.989393934
[43,] -0.94583380  0.01007776  1.13823340 -0.52815560 -0.09696213  2.147692682
[44,] -0.39621802  0.33505248  0.87048035  1.35728530  1.32837914 -1.838410138
[45,] -0.75579189  0.33166802 -0.42226874 -0.16178941 -0.11897043 -0.005506602
[46,]  0.85353568 -1.65318206 -1.46395478  0.58499621 -0.43544649  0.200161943
[47,]  1.37158158 -1.48849037 -1.44108614 -0.19576546 -0.13604386 -0.230186036
[48,] -2.00790244  0.27896295 -2.14662116 -0.38872536  0.37754470  0.766833732
[49,]  0.12401578  0.14824294  0.18256497 -0.48287130 -0.98988156 -1.892589047
[50,]  0.62458974  0.28622521  0.97135777 -0.01170368 -0.14293763 -0.997792062
            [,65]       [,66]        [,67]       [,68]        [,69]       [,70]
 [1,]  1.72999563  0.94254293  0.130086151  1.26427703  0.368331176 -0.68303821
 [2,] -0.66880565  1.24182691 -0.559714863  0.16041248 -1.643349127  1.49292066
 [3,]  0.27807095  0.32232871  0.100398627 -0.46785228  1.198791432  0.61691495
 [4,]  0.96509501  0.10958986  0.218659083 -0.21411234  0.877765295 -1.02146089
 [5,] -0.30283476  2.20595658  1.053506433 -0.14896847  0.210833515 -0.30459091
 [6,] -0.46233347 -0.57224810 -0.087819406 -0.54779841  0.061446617  0.41746385
 [7,]  1.43547274 -1.11436294 -0.530876609 -0.16220452 -0.862185397 -0.80989972
 [8,] -1.23280927 -0.49184250  0.308162260 -1.40685833 -0.792910890 -1.93804702
 [9,]  0.94866979 -0.23107904 -0.856120993 -0.08409321  0.487293903 -0.21152347
[10,] -0.74582731 -0.90807456 -2.129863258 -0.89139735  0.312364131 -1.70981966
[11,] -0.31274502 -0.38152337  1.205544250 -0.41030219 -0.237207006 -2.12202874
[12,]  1.49657811 -0.67847406  1.353149305  0.08582100 -1.297791572 -1.63383466
[13,]  0.24603518  0.70908118  0.162256883  0.94931776  0.041978389  1.41944112
[14,]  0.80637166 -1.70726788 -0.997416432  0.24039994  2.361159131 -0.28792638
[15,] -0.94737922  1.49421349 -0.635367698 -0.59897389 -0.552204596  1.40971162
[16,] -1.04848264 -1.59797951  0.408595957 -0.69514788  0.220479018 -0.34341218
[17,] -0.90085520 -2.21065658 -0.372862939  0.86671303 -0.860815813  0.51959060
[18,]  0.66102852 -0.19016015 -0.386748365 -1.24829395 -0.378508741 -0.38660773
[19,] -1.10205670 -0.05723723 -1.320403590  0.74395323  1.461115915 -0.48621698
[20,] -0.40039433 -2.55409885 -0.026674255  0.31414273 -0.027147765  0.83691760
[21,]  0.37482215 -0.59605367  1.056243903 -0.57552244  0.018587405  1.70808181
[22,] -0.05800189  1.82341794 -1.276526752  1.50675568 -0.263217906  1.20344079
[23,] -1.65004588  1.89685547  0.453637787 -0.01860800  0.540780425  0.42208264
[24,]  1.07062574 -1.70573067  1.067266365 -0.88684519 -0.795386862  1.03627697
[25,]  0.73032709 -0.20917715  0.182855900  0.92243095  1.509544206  2.54400083
[26,]  0.83837175 -0.54887427  2.459463844 -0.26369994  0.883993858  1.11285662
[27,]  0.02714902 -0.32700057  0.480369605  0.20276156 -1.283440181 -0.38760913
[28,] -0.89204993 -0.59972715 -0.838845795 -0.42133479  0.407499422 -1.33972851
[29,] -0.21327283  0.51918617  1.239689558  0.15094075 -0.039037224 -0.70330594
[30,] -1.00753016  1.29104261  0.202054973  1.68513127  0.287618265 -0.01121555
[31,]  0.24765416  0.66687226 -1.072756257  0.63759486  0.035144844  0.23439194
[32,] -0.56260941  0.88986788 -0.166129686 -1.11575598  0.005283823  0.22546726
[33,]  0.30390932 -0.60753210  0.244007405  0.38073115  1.462784383 -1.76140763
[34,] -1.40963861  2.51868650  0.917082194 -0.53986277 -0.242626707 -0.50437467
[35,] -0.18833920  0.49124383 -0.611916278 -0.67460688  1.962943420  0.51730888
[36,] -0.01343905  2.49393960  0.351655549 -0.35788034 -0.933748581  0.32826637
[37,] -0.43568775  0.30987545  0.454632003 -0.97332431 -0.229064840 -0.06744833
[38,] -0.22128153 -0.12554563 -0.297234216 -0.38094751 -1.977982363 -0.64767674
[39,] -1.62599890 -1.05680202  0.864874933  0.11083993 -0.116085090  0.64941525
[40,] -0.50976910 -1.41230843 -0.052256742  0.86048330  0.651387434 -1.11798926
[41,]  0.35964339 -1.21485901  0.303932051  1.97987662 -1.445909587  0.92494707
[42,]  0.65112778 -0.26708876 -0.238467438  0.11861611 -0.842623103 -0.13930805
[43,] -1.47262471  0.04490169  0.197204922 -1.64063516  1.489626898  1.53657343
[44,] -1.18416711 -0.18972487 -1.361302346 -1.11985174 -1.928892062  1.53569865
[45,]  0.06146612  1.04628924  1.247268911 -1.14752706 -1.206695596  0.52119144
[46,]  2.34722809 -0.69624069 -0.640725415  1.08471718  0.954816621 -0.53416488
[47,] -0.32634806  0.56253347  0.500166196  1.04498144 -1.059398808  0.87020058
[48,]  2.06154860  0.19818437 -0.426972736  0.22266899  0.023182023  0.55765994
[49,] -0.32286193 -0.17852113  0.543165003 -0.06234598  1.475886035  1.08046361
[50,] -0.27432432  0.09719924 -0.001553685  0.66049669  0.195267182  0.58801120
            [,71]        [,72]       [,73]        [,74]       [,75]       [,76]
 [1,] -0.22727501  1.714975707 -0.65422278  0.120869823  1.19855177 -0.22038811
 [2,]  1.47620729 -1.463997986 -0.30328708 -0.848739391  1.59073503 -0.27485346
 [3,]  0.78714268 -0.766416101  1.24141088 -0.102070624 -0.97250991  0.49166629
 [4,] -1.23530559 -0.171450964  0.20665502  0.251719665  1.41813623  0.16800214
 [5,]  1.16461355  0.073938045  0.32224538 -1.313661983  1.38096013 -0.22283735
 [6,] -1.54094055 -0.088827443  0.35172230  0.008411819 -0.58074304  0.04572577
 [7,] -0.14844590  0.741141521 -0.67904315 -0.357074382  1.63662057 -1.72040423
 [8,]  0.66740618 -0.913495404  0.17054681  1.183106730 -0.02204034  0.68809413
 [9,]  0.01943492  0.415543342 -0.73062352 -0.816473500  1.09076042 -0.28514572
[10,] -1.36126772 -0.047662673 -0.78299381  0.647771833 -1.41742426  0.45147569
[11,]  0.43245903  1.728595981  0.41241882  0.052450820 -0.37900781  0.31733993
[12,] -1.42936842  0.225403985  2.07179135  0.024157824  0.89247807 -0.95094937
[13,] -1.72381215  1.174853387 -1.18287191  0.410881612 -1.92088846 -2.33239274
[14,] -0.03347013 -0.016697279  0.42901928 -0.910785539 -0.28479332 -0.89180544
[15,]  0.96080756 -2.693911411  0.31862774 -0.160969578 -0.57029784 -0.97887048
[16,] -0.52649356 -0.226602816 -0.25159433  0.935485886  0.93054051  1.49319908
[17,] -2.24516971  0.775936670 -1.16337991 -0.304486444 -0.21012722  0.14366930
[18,] -0.49351892 -2.782398750  1.03449658 -1.043550376  0.37171655 -0.71641923
[19,]  0.53049124 -1.772370080  0.07725418 -1.295606583 -0.64952064  0.41295727
[20,]  0.49766376  0.280374480 -1.02676929 -0.754292446  0.75743112 -0.95007635
[21,] -0.60381602  0.910876845 -0.27966147 -1.062298857 -0.70286134  1.09878410
[22,] -0.77926615  0.752954472 -0.33470538 -1.067236737 -0.79450714 -0.24974585
[23,] -0.37777901 -0.948582826 -0.44284882 -0.198663351 -0.68417502 -0.64157148
[24,]  0.44443092 -0.094103864 -0.15860644  0.415364379  1.19125118  0.25615830
[25,]  0.08919896  0.043727981 -1.31031715  0.696429390 -0.47635556  0.59331758
[26,]  0.57179477  1.670865317 -1.45904204 -0.822040393  0.11879261 -0.16038192
[27,]  0.68887124  0.743718545 -0.54254468  0.495715048 -1.92613813  0.29605127
[28,] -1.74784397 -0.916528073 -1.09388321  0.383809990  2.34685947 -0.22330678
[29,]  0.41574357 -0.359109972 -0.74659596 -0.378115959  0.81721765 -0.72528491
[30,] -0.88860135 -0.333930316  0.04556886  0.832718168  0.61310128 -0.55205062
[31,]  1.57979722  0.731218178 -1.64758879  0.308310612  2.45184617  0.61100950
[32,] -0.44453136  0.448795437  0.16955555  0.848209490  0.85350671  1.48478914
[33,] -0.06396878  0.002528981  0.46923967 -0.286647813  1.07053300 -0.42995906
[34,] -0.22733890 -0.754442790  0.53865650  1.219578266 -0.93603875 -0.02372758
[35,] -0.52447649  0.135356898  0.85366820  0.326440948  0.37212914  0.08696855
[36,]  1.71284343  0.561486245  0.74121256  1.792562745  0.28363242  1.61987405
[37,] -0.79091613  2.430899182  0.69237185  0.172320553 -0.48596161 -0.11633345
[38,]  2.14369933  1.767510737 -0.77903990 -0.370874625 -0.02106354  0.34101485
[39,] -0.34195756  1.209502780  0.40474548  0.834820175 -0.31931635  0.08127707
[40,] -0.86091478 -1.697717660 -0.56477769  1.687577780 -0.87912262 -0.44387126
[41,]  0.83507113  1.298728027 -0.42694733 -2.165065919 -0.82606518  0.02914081
[42,] -0.52634487  0.063060041  1.75187834  0.837844904  0.23936830 -0.65666198
[43,]  0.67919814  1.318234501  1.51634493 -0.693512294  0.46934555 -0.88915736
[44,] -0.08098337  0.072088332 -0.60533228  0.561068610 -1.56949139 -1.95195598
[45,]  0.26048267  1.507243769  2.54905516 -3.370656479 -0.24002223 -2.27017086
[46,] -0.67966106 -0.408590376 -0.81604266 -0.953327487  0.16479433 -0.15595378
[47,] -0.04141388  0.084117468  1.60020679 -0.407895170  0.13307332 -0.15424237
[48,] -1.90558176  1.041698999  0.55646802 -1.358112184  0.36319192  0.99089276
[49,]  1.26582223 -1.113727372 -0.72925810  1.851099191  1.20213056  1.82013836
[50,]  0.54612465  0.671024516 -0.51245031 -0.653389669  0.25501632 -0.18027982
            [,77]       [,78]       [,79]       [,80]        [,81]
 [1,] -0.72919875 -0.62028329  0.83707134 -1.19264279  0.112889227
 [2,]  0.04463532 -0.69562613  0.74132768  0.24114278  0.305672844
 [3,]  0.19680379  1.01041844 -1.04051865 -0.98633055 -0.509250900
 [4,]  0.27705219 -0.32310531  0.06716971 -0.29955478 -1.059223361
 [5,]  0.57265566 -0.26940342 -2.14972829  1.10745836 -0.597457947
 [6,] -0.94721787 -0.66697699  0.12889328  0.06437001 -0.533235272
 [7,]  1.32253654  0.30801698  1.29868253 -1.91379898  0.005324424
 [8,]  0.23511269 -0.42926583 -0.35562240  0.64318886 -0.298555088
 [9,] -1.54239590  0.77057280  0.45135906  0.29295059 -1.098459222
[10,]  0.87649769  0.21468183 -0.13552394 -0.39245965  0.662359104
[11,]  1.15220981 -0.64497990 -1.85934386  1.14423726 -1.108279507
[12,] -1.15040942 -0.61753345 -0.24369623  1.37738953 -1.439878094
[13,]  0.64392088 -1.57095625 -1.19920933 -0.15400466 -0.106340048
[14,]  0.86289658  0.38962989 -0.61521801  0.13321307  0.253687281
[15,] -0.11226236  0.04512681  1.31872731 -0.39396008 -0.895292827
[16,] -1.96554274  2.09012582 -1.15213463 -1.00168056 -0.848244108
[17,]  0.36584568  0.09542725 -0.55120704  1.45471052 -0.546290250
[18,] -0.84856193 -1.06656128 -0.59040785  0.36979968  1.262768587
[19,]  0.57239375 -1.17587013 -1.10608896  0.28778418  0.442582412
[20,]  0.83904500  0.07866813  0.60453839 -0.36265694  0.081571572
[21,] -0.11681361 -0.42360364  1.23332015  2.09647067 -0.299005775
[22,] -1.23124225  0.49342701 -0.30960444  1.24589131  0.439034628
[23,] -1.09313200  0.68618340 -0.01277086  0.38105149  0.469948549
[24,]  3.10342515  1.42516875 -0.72417021 -0.52248711 -0.824292586
[25,]  0.08864796  0.04404753  0.15640899  0.49053245  0.684982478
[26,]  0.34940925  0.70302889 -0.77349921  1.17473947  0.648511155
[27,]  1.90346549  0.74242984  0.68051804  1.37821786  0.103097049
[28,]  1.23738577  0.48627127 -0.64766414  1.81213602  0.335271172
[29,]  0.84522719  0.42809923 -0.90987887  0.26825013 -0.377742113
[30,]  0.70650625 -0.05761192 -0.54116207  1.77716184 -0.065427027
[31,]  0.40037316 -0.09885440 -0.22153377  0.22580162  0.549237002
[32,] -0.05709484  1.16555018  1.18864527 -0.25329653 -0.277556813
[33,] -1.06226520 -0.96313445  0.82378137  0.85723166  0.556758630
[34,] -1.27287275 -0.92329987  0.61399954  1.37699735 -0.722912505
[35,]  0.05816317 -0.11226818  0.03051088  0.34147311 -0.802773048
[36,]  0.69765236 -1.18692851 -0.37157089  1.36213565 -1.123712059
[37,]  1.44841859  1.98742879 -2.25442284 -0.29274218  0.738058808
[38,] -1.48513539 -0.24048530 -1.09674427  0.14738974  0.312384072
[39,] -0.33662563 -0.35225666  1.75769498 -1.50706405  0.542573585
[40,] -1.10211397  0.52629855  0.11114508 -0.22003854 -0.262990782
[41,]  2.04290439  2.57823300 -1.30657959 -0.41872146  1.054657249
[42,]  0.58395968  0.75426292  1.05901292 -0.08187993  2.587054160
[43,]  0.63987505  0.10162660  0.41606231 -0.86977286  0.021394471
[44,]  0.15810383  0.84903995 -0.79751576 -0.70002406  1.074535669
[45,]  0.36342269  0.71531095 -0.19433030  0.66315578  0.515609658
[46,] -2.38619674  0.48191677 -0.42279319  0.13338008  0.357488998
[47,]  0.68206485  0.32495375  2.02378864  0.12234955 -1.111598589
[48,]  0.09027016 -1.49223209  1.19001584 -1.59264681 -0.807987253
[49,]  1.11762073 -1.05644053 -0.01543615  0.03617600  0.037842196
[50,] -1.00090891 -0.88314895  1.38006617  1.09397876  0.033728669
              [,82]       [,83]       [,84]       [,85]       [,86]
 [1,] -1.0172844160  0.57708388 -0.08865949 -1.08204278  0.10361504
 [2,] -0.3147100685  1.03248592 -1.13600813 -0.14956421 -2.13857716
 [3,] -0.2090203946 -1.59989874  1.26093451  0.84541679 -1.02755065
 [4,]  0.3068146911  0.40487592  1.22516750 -0.76880721  0.58086930
 [5,]  1.1611230478  0.63064527 -0.71630968  0.77672267  1.11330118
 [6,]  0.8512363593 -1.33405252 -0.45383852 -1.18488944 -0.62213922
 [7,]  0.4529785641 -0.62604902 -0.72067752 -0.79944603  1.20923106
 [8,] -1.4075881656  0.87708861  1.51103641  0.61329870  0.88770045
 [9,] -1.0509127948  0.12771193 -0.98611997 -1.92932741 -1.18029800
[10,]  0.3297156624 -0.10589063 -1.25428191 -0.14330095  1.20734923
[11,] -1.3413826592  0.41883045  0.56689519 -1.34117303  0.17842763
[12,] -0.6519224481 -0.25660294 -1.10500075  0.18746928 -0.61476209
[13,] -0.3999631761 -1.94820146  0.70938367 -1.38363824  1.57257348
[14,]  0.8043680362 -1.00311667  0.90457244  1.08237807 -0.38518321
[15,]  1.5984747625 -1.29127879  0.19628238  0.53909356  0.01248599
[16,]  0.1896408915 -1.68728396  1.21979802  0.40558343 -0.42689966
[17,]  0.3300148300 -1.24673828 -0.68298050  0.34224355  0.78314700
[18,]  0.6765070957  1.16882107 -0.01161425  2.01408207 -0.16387439
[19,]  0.0007804291 -0.03067186 -0.39469741 -1.68719217  0.61961641
[20,]  0.7791726975 -0.13002109  0.18964443  1.97089295 -1.48481198
[21,]  0.3324085303 -0.39543652 -0.67397158  1.66219750  0.80389412
[22,]  0.1300716739 -1.14953456 -0.53503144  1.10510568 -1.20668834
[23,] -1.2283922173  1.52548563  0.90412835  1.98957506 -0.27557948
[24,]  0.3697589008 -0.26990295  0.23453326  0.05660887 -0.46697468
[25,]  0.7413738704 -1.55880183 -0.56621637  1.21415724  1.38213544
[26,] -1.3004554558  1.39597115 -0.41653760 -0.74394125  0.28101525
[27,] -1.0138951002  0.23141745 -0.63004356  1.57345755  0.07096133
[28,]  0.4122297765  0.82745259 -0.27199083 -0.74432614  0.37384555
[29,] -0.1455940432  0.73213356  1.34686027 -1.13881988  0.77226252
[30,] -0.0751246478  1.11636247  0.67668085 -0.25568038  2.08536137
[31,]  2.0024469769  0.82855720  0.56960967 -0.42454484 -0.76127885
[32,] -0.7362336587  1.04647903 -0.06250577  0.73390173  1.05161192
[33,] -1.8531412129 -1.51933084  0.18962016  0.22269122  0.34669733
[34,]  1.1529585872  0.29059908 -0.33288923 -1.25026193 -0.66459508
[35,]  1.9643941387  0.70349707 -0.14526635 -1.89613065 -0.30320964
[36,]  0.4697142883 -2.27886165 -0.34005834  0.31397302  1.84618665
[37,]  0.6734543536  0.84788607  0.87548166  0.04549935 -1.09943002
[38,]  1.8660183513 -0.74038982 -0.97923035  1.44358980  1.27708362
[39,] -1.8703433261 -0.93253550 -0.05706892 -0.21916997 -0.01660732
[40,]  1.8013614552 -0.34344284  0.10930836  1.42022512  1.11803100
[41,] -0.6260952764 -1.03648186 -0.99384652  0.13686679 -0.24989405
[42,] -0.3464890553 -1.24614490 -1.54609143  0.48839043 -0.56967085
[43,]  0.4636874592 -1.04229543  1.26962645  0.24926810  1.21580189
[44,] -1.8076500685  0.99495374 -0.99436915 -0.59951818  2.00307931
[45,] -0.3757997047  0.80228401 -2.03966333  1.57175505  1.02538085
[46,] -0.7640140024 -0.31995785  0.41870480  0.78644644  0.52926980
[47,]  0.5064599622  0.95852675  1.55597345 -0.41615990  0.94628700
[48,] -0.3866173399  0.04294360 -1.73895641  1.01964992 -0.10845776
[49,]  0.4976472550  0.34559745  1.44608036 -0.82151226 -1.27447608
[50,]  1.2263105461 -0.11125307 -1.44939896  0.16165898 -1.39588149
             [,87]       [,88]       [,89]         [,90]         [,91]
 [1,] -0.349089045 -0.19817235 -0.12378093 -2.931062e-01 -0.0965336696
 [2,]  0.239961531  0.57079107  2.12066591 -4.899429e-01  0.7171756860
 [3,]  0.395520705  0.79925818  0.92667643  2.153336e+00 -0.3413570226
 [4,]  0.760326265 -0.60121634  0.50070278 -9.257335e-02 -1.0616974845
 [5,] -0.306800702  0.71166820 -0.80520873 -4.276937e-01 -0.3950602591
 [6,] -0.629803550  1.43507112  0.02594886  5.101518e-01  0.9789125536
 [7,] -3.098932453 -0.61803010 -1.14605604 -9.866991e-01 -0.3244331834
 [8,]  0.009543999  0.53420551  0.07387689  2.622537e-01 -0.2421819154
 [9,]  1.048031262 -0.97805899  0.36085643 -1.626472e+00  1.2704029972
[10,] -0.212794136  1.67534266  1.84834766  1.645836e-01  0.0674542419
[11,]  1.552035238 -0.06059147 -0.88026786  5.866795e-01 -1.6993516054
[12,]  0.940814805  1.82818646 -0.07296577  7.135117e-01 -0.4944832173
[13,] -0.094001858  1.61852991 -0.88613544  9.255295e-02  1.0687631424
[14,] -0.615930954 -0.17548900  0.87970774 -3.481455e-01 -0.0851666117
[15,] -0.002298300 -0.98960424 -0.86796554 -1.113648e+00 -0.7304540408
[16,]  0.448884397  0.41251309  1.15751040 -5.604748e-01  0.3676486924
[17,]  1.384096783 -1.77482165  1.01486808 -5.710885e-05  0.2120118802
[18,] -0.337198124  0.96210299 -0.65885685  6.559355e-01  0.5728092103
[19,]  0.268545420 -1.23362636  2.16552332  1.133656e+00 -0.1060675513
[20,] -0.715292933  1.30699558  1.10545890 -1.465261e+00 -1.7684078511
[21,] -0.293157461  0.24809711  0.26590768 -6.221080e-02  0.4458257110
[22,]  0.187308464 -0.30139759 -0.17926035  1.509305e+00  1.0004204848
[23,] -0.289932313 -0.06545899 -1.08309136 -6.662646e-02  1.9826084510
[24,] -0.384076056 -1.22628371  0.86095318  8.426813e-01 -0.1757304549
[25,] -0.149884755 -1.49366341  0.96187828 -1.878187e+00 -0.4253805677
[26,] -0.956128726  0.76359604  0.39141325 -1.179702e+00 -0.8989418632
[27,] -0.323133786 -1.40390907  0.31521315  3.987378e-02 -0.3844136638
[28,] -0.804262552 -0.81935083  0.20878953  3.929164e-01 -0.1449514666
[29,] -0.298970090  0.38042662  0.36485439 -1.117570e+00 -2.0897060838
[30,]  0.093776992 -1.01647173  0.64174153 -6.136019e-01 -0.6287812441
[31,]  0.126534089  0.15773920  0.10766341 -7.828490e-02  0.6743194938
[32,]  0.778690520  0.96900086  1.17336738 -2.144989e-01 -0.5472380738
[33,]  0.969122057  1.01722621 -0.31334212 -1.354396e+00 -0.6695626871
[34,]  0.265683496 -0.64028718 -1.46344654 -3.519530e-02 -0.3522816874
[35,] -0.936471437 -0.64532024  0.12048974 -5.225692e-01 -0.3986869772
[36,]  0.526251151 -0.04538830  0.55249467  6.343941e-01 -3.3990348726
[37,] -1.270236175  0.77616181  0.69781520  2.339812e+00 -0.9713591697
[38,] -0.912548718 -0.19849439  1.35185349 -1.775665e+00  0.1203894075
[39,]  0.217772311  1.22246036 -0.60492025 -1.889618e+00 -0.5217246084
[40,]  2.389291061 -2.14151521  1.03946590  3.567334e-01  0.2658653529
[41,] -1.241379929  3.07493920  0.21357367  1.772657e+00  0.4592038298
[42,] -0.626744309 -0.97309552 -0.61050975  9.192274e-01 -0.5116093292
[43,] -1.334466743 -0.34273911 -0.52934702  7.225398e-01  0.4016665665
[44,]  0.739951764 -0.15521593  0.42556207 -7.592148e-01 -0.6612455494
[45,] -0.354083375  2.30507451 -1.24952890 -1.436040e+00 -0.7131587863
[46,]  0.130141042  0.34875714  0.53760888 -1.283414e-01 -0.0108122096
[47,] -1.227042443 -1.38171705  0.51379158  3.342537e-01 -0.4481623063
[48,]  1.990467723 -0.30364386  1.68259559  6.202064e-01 -2.2857584383
[49,]  0.065085038  2.00850514 -1.56309368  7.657578e-01 -0.0007491525
[50,]  1.451202619  0.81120889 -0.44353207  7.966687e-01 -0.6963756215
             [,92]       [,93]       [,94]       [,95]        [,96]       [,97]
 [1,]  0.052759878 -2.05100774  0.96087275  1.17988274 -0.328783512 -0.86899532
 [2,]  0.811446017 -0.66095760 -0.98322518  0.15348572  1.549230143 -0.21384652
 [3,]  0.806878470  1.58637099 -2.86998680 -0.85758342 -0.627351234 -0.13802241
 [4,]  0.033889274 -0.94912767  1.40671320 -0.53380072 -1.364358365  1.37519898
 [5,] -0.857263415  1.33286795  0.91216529  0.18504716 -0.717744399  0.50262416
 [6,] -0.096376633  0.04681303  0.01245897  0.57248469 -2.194675171 -0.91188754
 [7,] -0.434313912  0.04418697 -0.52638356 -1.13902766 -0.038393666 -2.01993457
 [8,] -0.535895579  1.23739953 -0.27691623  0.29912760  0.024793487  1.16141444
 [9,] -0.002058919 -0.99685916 -0.06178358  1.21518909  1.245300111  0.74174255
[10,] -0.319364663  0.86468890 -0.40436219  0.31877436 -0.963149474 -0.73545961
[11,] -1.583356313 -0.98890231  0.44374846  0.97610553  0.167846482  0.15403490
[12,]  1.152842803 -0.93926310  2.27586771  0.78630639 -0.332825779 -0.15948683
[13,] -1.405256393  0.16918500  1.06508693  2.38333322 -0.477937262  1.98026599
[14,] -0.041830706 -1.47745946 -0.80089788  0.87508286 -0.902372799 -0.56811831
[15,] -1.037499120  1.45627026 -0.32818375 -1.43027060 -1.320982566  0.11385864
[16,]  0.992200769 -0.14651522 -1.08573830  1.17643562  0.183874578  0.20675059
[17,] -0.595325247  0.44395544  1.54092453 -0.81965921 -1.254557060 -2.00924574
[18,] -0.717753123 -0.08852831 -2.07853697 -0.60555989  0.819048553  0.77216886
[19,]  0.578674378  0.02560051  0.13482304 -0.87474696 -0.008798801 -0.08319949
[20,]  1.604018862 -0.21307479 -0.72080563  0.63630196  0.396435348 -1.98838347
[21,]  0.132228208  0.91793890  1.01764010  0.51929211 -0.519313235  1.86454571
[22,] -0.484928649 -0.18320323  0.68873235  1.96048487 -0.358858337  0.93653125
[23,] -1.383821605  1.17775709  0.04146283  0.05867151  1.400775800  1.78414710
[24,]  1.848766754  1.80510018  0.64478540 -0.66907967 -0.423339476  0.84294909
[25,] -0.177982412 -0.68784734 -0.62024770 -1.31744067  0.670665814 -0.18221317
[26,]  2.241309439 -0.57615951  0.84472849  0.02154454  1.646937285 -0.16709734
[27,] -1.090806876  0.86105698  1.52608795 -0.99063189 -0.194124969 -0.52356396
[28,] -0.528830010 -0.12456474  0.94498580  2.01615566  0.788805785 -1.12163479
[29,] -1.769638942 -0.32718180 -0.68798460 -2.69225187 -0.510253799  1.58334668
[30,]  1.926342560  0.89670189  1.34535500 -0.83786280  1.235423677  0.19873530
[31,]  0.185971626  1.28456840 -0.36022818 -1.78140382 -1.585549536 -1.88715474
[32,]  1.709330616  1.23266224 -1.08766509  0.24227231  0.207608848 -0.91397686
[33,]  1.428764023  1.03494387  0.44242522 -0.58186262 -0.013570888  0.29838172
[34,] -1.672096348 -2.31310113  0.36559039  0.82883835 -0.379870976 -0.36819460
[35,] -0.603370715 -0.60793845  0.50043437 -0.45886990 -0.992124934  0.52355698
[36,]  0.117041280 -0.07386638 -0.57002157  0.06772791  1.185973277 -0.09809189
[37,]  0.653596489 -0.04130277  0.50807447 -1.85563749 -0.902803469  2.35761528
[38,]  1.145263078 -0.14864095  0.30944068  1.08732664  0.043465118 -0.51938793
[39,] -1.124612482  0.50149197  0.50742309  0.50131883 -2.288545740  2.63584490
[40,]  1.299118576 -1.54482941  0.59721172 -0.59761620  1.055098620 -0.89102305
[41,] -1.391346517  0.42825204 -0.32743677 -0.05557901 -0.730599917  0.90553480
[42,] -0.300714151  1.23276242 -0.05712582 -0.30952431 -1.537100097  0.72077179
[43,] -0.307018283 -2.28061745 -0.63765852 -1.76220949  1.000389296 -1.58842033
[44,] -1.143984511 -0.77760723 -0.11682383  1.45563713 -0.568464950 -2.61296735
[45,]  0.440505407 -0.54551877 -0.04169230 -0.69618817  0.170847301 -0.51918737
[46,] -1.009308258  0.72531350  0.08792040 -1.12448137  0.547105378  1.23307554
[47,] -0.649530313 -0.53313306 -0.70672351  1.60832805 -0.945874747  0.53730433
[48,]  0.278124356  1.15048858  2.72822976  1.01742069  0.377251361 -0.11137417
[49,]  0.837774910 -0.61800050  1.31546357 -0.04518624  1.216413890  0.58758348
[50,]  0.760906459  0.61069730 -0.56465243 -0.21527771 -0.436844047 -1.03287195
            [,98]        [,99]      [,100]
 [1,] -0.08478571  0.211283146  0.04202676
 [2,] -0.32692048  0.174664351  1.05518910
 [3,]  1.04267667  0.637311679  0.11165675
 [4,]  0.67343644  0.506316342 -0.30959979
 [5,] -1.25906820  0.347420131 -1.05844632
 [6,]  1.43531141  0.718906906  1.34335604
 [7,] -1.21012606  0.504935528 -1.29386533
 [8,]  0.85270435  0.294790748 -0.70816001
 [9,]  0.40127522  0.697116887  0.70712512
[10,] -2.34129723  0.259901372  0.30908512
[11,] -0.32085103 -0.594183848  0.81935336
[12,]  0.47812188 -1.460406992  0.13659104
[13,] -0.85700523 -1.777860859  0.81692983
[14,] -1.22412169  0.828214503 -2.30173727
[15,]  0.40915260  0.177485772 -0.05506976
[16,] -0.29792318  0.871148847  0.58294784
[17,] -1.34255702 -1.378006981  1.09014779
[18,] -0.37868396 -0.211927360 -0.21599254
[19,]  0.59163009  1.214476797  0.21898022
[20,] -1.20193221  0.444713470  1.00229922
[21,]  2.60539260  0.548231313  2.22991371
[22,] -0.39069399 -0.145837536 -1.38992970
[23,]  0.08237689  0.444741218  0.60412422
[24,] -0.33888298  1.245568889 -1.45081336
[25,]  1.02360602  0.711549532 -0.39779336
[26,]  1.82236471 -0.201708472  0.98776015
[27,] -0.71603294 -0.838116409  0.82253895
[28,]  0.60639643 -0.128119368  2.34242276
[29,] -1.67573860  0.391912427  1.00626643
[30,] -0.08829821 -0.007067554  1.18696316
[31,]  0.39882967  0.371034038 -1.22798975
[32,]  0.81889521  2.811499013  0.40720536
[33,]  0.10180125  0.393918789  1.66717674
[34,] -0.78395752  2.604864023  1.26412480
[35,] -0.29360625  1.088110939  0.20576995
[36,]  0.36128101  0.647115884  0.16148100
[37,] -0.46898455 -0.516705304  1.00976689
[38,]  1.03954570 -0.803502834  0.27938228
[39,] -0.75563580  0.565449876  1.88969646
[40,] -1.64572792 -2.153069337  2.16787164
[41,]  0.00222865 -0.081244268 -0.94143892
[42,]  0.86590318  0.147236893  1.35103884
[43,]  1.53349110 -0.655451842 -0.47375267
[44,] -0.83793141 -0.611433144  1.67204621
[45,]  0.57476807 -2.110323645  0.86329553
[46,] -1.38524545  1.320853865  0.68608202
[47,]  1.34193501 -0.305704854 -1.00152957
[48,] -0.57282850  0.148566801 -1.33601374
[49,] -1.57615533  0.200276346 -0.89328540
[50,]  0.83829164  0.668395747 -0.69536835
> ?crossprod
> n <- 100                                  
  m <- 50                                   
  u <- runif(n)                             
  t <- runif(m)                             
  b <- function(x) x^3                      
  g <- function(x) sin(x)                   
  x <- matrix(rnorm(n * m), ncol = n)       
  y <- crossprod(x, b(t)) + g(u) + rnorm(n) 
n <- 100                                  
>   m <- 50                                   
>   u <- runif(n)                             
>   t <- runif(m)                             
>   b <- function(x) x^3                      
>   g <- function(x) sin(x)                   
>   x <- matrix(rnorm(n * m), ncol = n)       
>   y <- crossprod(x, b(t)) + g(u) + rnorm(n) 
> y
              [,1]
  [1,]  6.64072720
  [2,]  5.34812860
  [3,]  1.29166530
  [4,] -2.70818665
  [5,] -5.81313330
  [6,]  1.57320432
  [7,]  0.36910370
  [8,]  2.48489998
  [9,] -3.32356420
 [10,]  3.87743070
 [11,] -1.90384740
 [12,] -4.19526424
 [13,] -4.10641925
 [14,] -2.29432387
 [15,] -1.84551157
 [16,] -2.48557393
 [17,]  0.20565283
 [18,]  0.84906355
 [19,]  6.60580695
 [20,] -0.19399884
 [21,]  1.02893201
 [22,] -1.55491251
 [23,]  3.35152511
 [24,] -3.82993195
 [25,] -0.25282723
 [26,] -2.78872135
 [27,]  2.04952871
 [28,]  2.47118235
 [29,] -1.95956895
 [30,]  7.82477608
 [31,] -0.15684170
 [32,] -2.21080389
 [33,]  2.01132520
 [34,]  2.90762133
 [35,]  7.18536190
 [36,] -0.38320619
 [37,]  1.14243743
 [38,]  6.80395471
 [39,]  3.47314484
 [40,]  2.08890250
 [41,] -2.56193891
 [42,] -2.07903812
 [43,]  0.47295560
 [44,] -1.11974903
 [45,]  1.27943727
 [46,]  1.27698966
 [47,]  1.44193225
 [48,] -0.23283824
 [49,]  0.71115576
 [50,] -1.53709141
 [51,]  0.25645473
 [52,]  0.91319080
 [53,] -0.19229389
 [54,]  0.48858639
 [55,]  1.31680583
 [56,]  2.09903570
 [57,] -0.98440050
 [58,]  0.16472163
 [59,]  3.24964059
 [60,] -1.58692414
 [61,]  1.13168583
 [62,] -4.24588639
 [63,]  2.48583600
 [64,] -1.84629810
 [65,]  4.27610620
 [66,]  3.32908422
 [67,] -5.91625285
 [68,]  0.97461612
 [69,]  3.81243039
 [70,]  5.03569145
 [71,]  2.38120121
 [72,]  4.43995334
 [73,] -3.18508494
 [74,] -1.11182074
 [75,] -2.25286140
 [76,]  2.24833097
 [77,]  1.85124528
 [78,]  1.03321845
 [79,]  2.22889177
 [80,]  0.15090236
 [81,]  1.10426048
 [82,] -0.41171878
 [83,] -0.42368234
 [84,]  2.66755945
 [85,]  1.04166348
 [86,] -0.57053901
 [87,]  6.55448438
 [88,]  0.66407867
 [89,] -1.60311885
 [90,] -1.38379246
 [91,]  0.31835589
 [92,] -1.96034396
 [93,] -3.66166581
 [94,] -0.48795781
 [95,]  5.52642968
 [96,] -0.24672309
 [97,]  0.02395895
 [98,]  4.67136878
 [99,]  3.44521196
[100,]  3.77120100
> FPLMBsplines(y,x,u,t))
Error: inesperado ')' in "FPLMBsplines(y,x,u,t))"
> FPLMBsplines(y,x,u,t)
Error in xcenter %*% cov_dec (from FPLMBsplines_fit.R#43) : argumentos no compatibles
> FPLMBsplines(y,t(x),u,t))
Error: inesperado ')' in "FPLMBsplines(y,t(x),u,t))"
> FPLMBsplines(y,t(x),u,t)
  C-c C-c
> FPLMBsplines(y,t(x),u,t, fLoss = "ls")
$fit
$fit$spl
  Xbspl4.1   Xbspl4.2   Xbspl4.3   Xbspl4.4 
 0.1957777  0.4948141 -0.1542681  1.3885582 

$fit$slope
  Xbspl4.1   Xbspl4.2   Xbspl4.3   Xbspl4.4   Xbspl4.5   Xbspl4.6 
-0.1002707  0.2353755 -0.1992959 -0.1751715 -0.8479733 -1.1970648 

$fit$value
[1] 112.9362

$fit$scale
[1] 1.062714

$fit$slope_fun
             [,1]
 [1,] -0.08058325
 [2,] -0.61091310
 [3,]  0.07852996
 [4,] -0.71658585
 [5,]  0.07966260
 [6,] -1.01394152
 [7,] -0.23288816
 [8,]  0.05397502
 [9,]  0.07581495
[10,] -0.19340960
[11,] -0.05026514
[12,] -0.07923467
[13,] -1.19706482
[14,] -0.71798617
[15,] -0.22896819
[16,] -0.26171956
[17,] -0.10027070
[18,] -0.52472925
[19,] -0.36419943
[20,]  0.05637940
[21,]  0.04537988
[22,]  0.04195064
[23,] -0.10471997
[24,]  0.06724082
[25,] -0.20697747
[26,] -0.57599023
[27,] -0.53324080
[28,] -0.60647525
[29,]  0.06006081
[30,] -0.18025305
[31,] -1.06705113
[32,]  0.07708308
[33,] -0.13281894
[34,] -0.14958269
[35,] -0.30870148
[36,] -0.18100665
[37,] -0.10134916
[38,]  0.07159133
[39,] -1.14672170
[40,] -0.11184899
[41,]  0.07222026
[42,] -0.92002380
[43,] -0.79852488
[44,] -0.16913728
[45,] -0.14203620
[46,]  0.05193591
[47,] -1.11216272
[48,] -0.74182239
[49,]  0.01842211
[50,] -0.25880570

$fit$eta_est
            [,1]
  [1,] 0.2353544
  [2,] 0.2971214
  [3,] 0.2907182
  [4,] 0.3076403
  [5,] 0.2553162
  [6,] 0.8995766
  [7,] 0.6460800
  [8,] 0.2939990
  [9,] 0.9538091
 [10,] 0.5460082
 [11,] 0.3063131
 [12,] 0.4551047
 [13,] 0.2505149
 [14,] 0.8113065
 [15,] 0.2895877
 [16,] 0.5775193
 [17,] 0.5786095
 [18,] 0.4002925
 [19,] 0.3113439
 [20,] 0.4210407
 [21,] 0.3069244
 [22,] 0.2383158
 [23,] 0.4395036
 [24,] 0.2065180
 [25,] 0.2520683
 [26,] 0.6688051
 [27,] 0.4066257
 [28,] 0.2906921
 [29,] 0.2950107
 [30,] 0.2838518
 [31,] 0.5966932
 [32,] 0.2295937
 [33,] 1.3575265
 [34,] 0.2808147
 [35,] 1.3290230
 [36,] 1.3056520
 [37,] 0.2512851
 [38,] 0.4810813
 [39,] 0.2961675
 [40,] 0.4466247
 [41,] 0.7827040
 [42,] 1.2532938
 [43,] 0.2874376
 [44,] 0.3295784
 [45,] 0.2901581
 [46,] 0.2883809
 [47,] 0.3216115
 [48,] 0.4893207
 [49,] 0.3399612
 [50,] 0.2850695
 [51,] 0.3122462
 [52,] 0.3033904
 [53,] 0.3242382
 [54,] 0.7779056
 [55,] 1.3885582
 [56,] 0.6021633
 [57,] 0.5213264
 [58,] 0.3883252
 [59,] 0.4329917
 [60,] 0.3005511
 [61,] 0.2924376
 [62,] 0.4720311
 [63,] 0.2508592
 [64,] 0.2672193
 [65,] 0.2952339
 [66,] 0.2764946
 [67,] 0.2536525
 [68,] 0.3044978
 [69,] 0.7666748
 [70,] 0.2953249
 [71,] 0.2043054
 [72,] 1.2479296
 [73,] 0.2942958
 [74,] 0.2716335
 [75,] 0.2952705
 [76,] 0.2150702
 [77,] 0.3003465
 [78,] 0.3290959
 [79,] 0.2711815
 [80,] 0.2910307
 [81,] 0.1973424
 [82,] 0.2913777
 [83,] 0.2797984
 [84,] 0.2942268
 [85,] 0.2919630
 [86,] 0.2942407
 [87,] 0.1957777
 [88,] 0.2466137
 [89,] 0.2938393
 [90,] 0.3545933
 [91,] 1.2849803
 [92,] 0.3014845
 [93,] 1.3429471
 [94,] 0.6832637
 [95,] 0.7289035
 [96,] 1.0393172
 [97,] 0.3259905
 [98,] 0.2996725
 [99,] 0.3399964
[100,] 0.3886753

$fit$fitted
  [1]  5.2430840  5.5041404  1.3365412 -2.7648694 -5.3557551  0.8565714
  [7]  0.2338284  1.9681790 -1.3299430  3.5983369 -2.2861552 -3.3853411
 [13] -2.6195719 -1.2583761 -3.2095658 -0.6561136 -0.6948208  0.3563452
 [19]  5.9975431 -2.1282176  2.7016736  0.1755183  2.6960238 -1.9932978
 [25]  0.1214018 -2.3268988  2.4268259  3.1896054 -1.3788384  6.9230143
 [31] -0.4534713 -2.1924016  0.9706503  3.5287780  6.8988579 -0.5630305
 [37]  1.7110725  7.4596205  4.4429704  0.5741837 -2.1329478 -2.1688527
 [43]  0.8703359 -1.5663628  2.1000004  1.5602049  1.1328712 -0.4946326
 [49]  1.4407756 -0.7010828 -0.8480152 -0.9545086 -1.4776736 -0.5590586
 [55] -0.5755436  0.6603084  0.2519696 -0.5459331  3.3949621 -0.4783195
 [61]  0.2638266 -2.7953255  1.4367394 -2.5270692  3.8140868  0.6268534
 [67] -5.4178501 -0.3817620  1.3301372  5.0969281  1.7495658  5.2067572
 [73] -3.3718442 -2.5769416 -2.0747810  2.2027669  2.4396457  2.5868957
 [79]  2.7178883  2.1981276  1.9506881 -1.5498171  0.7815571  3.4420109
 [85]  0.7475016 -0.5511478  3.4783848  1.3283961 -2.1337522 -0.3364622
 [91]  1.0048468 -2.5720421 -2.1384795  0.4694290  5.6457101  0.1970820
 [97]  2.0340330  4.0236087  3.7371599  3.5044425


$spl
[1] 4

$freq
[1] 6

> plot(fitn <- 100                                  )
          m <- 50                                   
          u <- runif(n)                             
          t <- runif(m)                             
          b <- function(x) x^3                      
          g <- function(x) sin(x)                   
          x <- matrix(rnorm(n * m), ncol = n)       
          y <- crossprod(x, b(t)) + g(u) + rnorm(n)   C-c C-c
> fit = FPLMBsplines(y,t(x),u,t, fLoss = "ls")
> plot(fit$fit$slope_fun, type = "p", pch = 11, col = "steelblue")